Deployment ID: MVP
Deploying to: ARBITRUM_ONE
Deploying staging set of contracts on: ARBITRUM_ONE
Deploying AAVE Liquidity Pool
LiquidityPoolAaveUSDC: 0x2D24c6c58bBCe4BC09aE6ac559F697D97665d05D
Deploying USDC Liquidity Pool
LiquidityPoolUSDC: 0xfe22Dff2Dc00E80e3127BCac393aC4e0672570F0
Multicall: 0xd0A630c391daEb244369DB0f75CBDF7dFeEaEaC3
Admin: 0x2D5B6C193C39D2AECb4a99052074E6F325258a0f
LiquidityPool Withdraw Profit: 0x2D5B6C193C39D2AECb4a99052074E6F325258a0f
LiquidityPool Pauser: 0x2D5B6C193C39D2AECb4a99052074E6F325258a0f
MPC Address: 0x6adAF8c96151962198a9b73132c16E99F4682Eb5
USDC: 0xaf88d065e77c8cC2239327C5EDb3A432268e5831
Rebalancer: 0x34Df9cD75fA0b4d8fF300AeDf7591f79dFdd61C9
RebalancerProxyAdmin: 0xcB33De00942f1004F59B2346d3891864DecEF14C
Routes:
┌─────────┬──────────────────────────────────────────────┬────────────────┬──────────┐
│ (index) │ Pool                                         │ Domain         │ Provider │
├─────────┼──────────────────────────────────────────────┼────────────────┼──────────┤
│ 0       │ '0x2D24c6c58bBCe4BC09aE6ac559F697D97665d05D' │ 'BASE'         │ 'CCTP'   │
│ 1       │ '0x2D24c6c58bBCe4BC09aE6ac559F697D97665d05D' │ 'OP_MAINNET'   │ 'CCTP'   │
│ 2       │ '0xfe22Dff2Dc00E80e3127BCac393aC4e0672570F0' │ 'BASE'         │ 'CCTP'   │
│ 3       │ '0xfe22Dff2Dc00E80e3127BCac393aC4e0672570F0' │ 'OP_MAINNET'   │ 'CCTP'   │
│ 4       │ '0x2D24c6c58bBCe4BC09aE6ac559F697D97665d05D' │ 'ARBITRUM_ONE' │ 'LOCAL'  │
│ 5       │ '0xfe22Dff2Dc00E80e3127BCac393aC4e0672570F0' │ 'ARBITRUM_ONE' │ 'LOCAL'  │
└─────────┴──────────────────────────────────────────────┴────────────────┴──────────┘


Deployment ID: MVP
Deploying Repayer
Using config for: stage, ARBITRUM_ONE
LiquidityPoolAave: 0x2D24c6c58bBCe4BC09aE6ac559F697D97665d05D
LiquidityPool: 0xfe22Dff2Dc00E80e3127BCac393aC4e0672570F0
Repayer: 0x697ECA1cae710FA0348e2173900e6C09b180C35b
RepayerProxyAdmin: 0x97e48e13AbAA3e4854166D2c564868215d3d1F0f
RepayerRoutes:
┌─────────┬──────────────────────────────────────────────┬────────────────┬──────────┬───────────────────┐
│ (index) │ Pool                                         │ Domain         │ Provider │ SupportsAllTokens │
├─────────┼──────────────────────────────────────────────┼────────────────┼──────────┼───────────────────┤
│ 0       │ '0x2D24c6c58bBCe4BC09aE6ac559F697D97665d05D' │ 'BASE'         │ 'CCTP'   │ true              │
│ 1       │ '0x2D24c6c58bBCe4BC09aE6ac559F697D97665d05D' │ 'OP_MAINNET'   │ 'CCTP'   │ true              │
│ 2       │ '0xfe22Dff2Dc00E80e3127BCac393aC4e0672570F0' │ 'BASE'         │ 'CCTP'   │ false             │
│ 3       │ '0xfe22Dff2Dc00E80e3127BCac393aC4e0672570F0' │ 'OP_MAINNET'   │ 'CCTP'   │ false             │
│ 4       │ '0x2D24c6c58bBCe4BC09aE6ac559F697D97665d05D' │ 'BASE'         │ 'ACROSS' │ true              │
│ 5       │ '0x2D24c6c58bBCe4BC09aE6ac559F697D97665d05D' │ 'OP_MAINNET'   │ 'ACROSS' │ true              │
│ 6       │ '0x2D24c6c58bBCe4BC09aE6ac559F697D97665d05D' │ 'ARBITRUM_ONE' │ 'LOCAL'  │ true              │
│ 7       │ '0xfe22Dff2Dc00E80e3127BCac393aC4e0672570F0' │ 'ARBITRUM_ONE' │ 'LOCAL'  │ false             │
└─────────┴──────────────────────────────────────────────┴────────────────┴──────────┴───────────────────┘

Deployment ID: MVP
Deploying Standalone Repayer
Using config for: SparkStage, ARBITRUM_ONE
Repayer: 0x4c1545A73e2d586625e92482E706Eaa400613eb9
RepayerProxyAdmin: 0x0d54E83bA5651d99f6675c6De0171Cb11C3025c8
Repayer callers: 0x6D2C6B7B16f95B123dD3F536DCb96CB9B65d2aa3, 0xc1d6EEa5ce163d7D9f1952Db220830Aae16Cb607
RepayerRoutes:
┌─────────┬──────────────────────────────────────────────┬────────────────┬─────────────┬───────────────────┐
│ (index) │ Pool                                         │ Domain         │ Provider    │ SupportsAllTokens │
├─────────┼──────────────────────────────────────────────┼────────────────┼─────────────┼───────────────────┤
│ 0       │ '0xa21007B5BC5E2B488063752d1BE43C0f3f376743' │ 'ARBITRUM_ONE' │ 'LOCAL'     │ true              │
│ 1       │ '0xa21007B5BC5E2B488063752d1BE43C0f3f376743' │ 'BASE'         │ 'CCTP'      │ false             │
│ 2       │ '0xa21007B5BC5E2B488063752d1BE43C0f3f376743' │ 'BASE'         │ 'ACROSS'    │ true              │
│ 3       │ '0xa21007B5BC5E2B488063752d1BE43C0f3f376743' │ 'BASE'         │ 'STARGATE'  │ true              │
│ 4       │ '0xa21007B5BC5E2B488063752d1BE43C0f3f376743' │ 'BASE'         │ 'EVERCLEAR' │ true              │
│ 5       │ '0xa21007B5BC5E2B488063752d1BE43C0f3f376743' │ 'OP_MAINNET'   │ 'CCTP'      │ false             │
│ 6       │ '0xa21007B5BC5E2B488063752d1BE43C0f3f376743' │ 'OP_MAINNET'   │ 'ACROSS'    │ true              │
│ 7       │ '0xa21007B5BC5E2B488063752d1BE43C0f3f376743' │ 'OP_MAINNET'   │ 'STARGATE'  │ true              │
│ 8       │ '0xa21007B5BC5E2B488063752d1BE43C0f3f376743' │ 'OP_MAINNET'   │ 'EVERCLEAR' │ true              │
└─────────┴──────────────────────────────────────────────┴────────────────┴─────────────┴───────────────────┘

Deployment ID: MVP
Deploying Aave USDC Long Term Pool
Using config for: stage, ARBITRUM_ONE
Rebalancer: 0x34Df9cD75fA0b4d8fF300AeDf7591f79dFdd61C9
Deploying Aave USDC Long Term Liquidity Pool
LiquidityPoolAaveUSDCLongTerm: 0xd1A7cC673D4cE966AD31FcD8Daccf1C2B5969dA4

Deployment ID: MVP
Deploying USDC Public Pool
Using config for: stage, ARBITRUM_ONE
Deploying USDC Public Liquidity Pool
LiquidityPoolPublicUSDC: 0x451291AdB56ffA03Ef2A542389CeE16Ec3A8295D

Deployment ID: MVP
Deploying ERC4626 Adapter USDC
Using config for: stage, ARBITRUM_ONE
Rebalancer: 0x34Df9cD75fA0b4d8fF300AeDf7591f79dFdd61C9
Target Vault: 0x451291AdB56ffA03Ef2A542389CeE16Ec3A8295D
Deploying ERC4626 Adapter USDC
ERC4626AdapterUSDC: 0xd7B2FC36b3D967DE88f9A4e3C84b7dBEF73e7eF3

Deployment ID: MVP
Deploying USDC Public Pool
Using config for: stage, ARBITRUM_ONE
Deploying USDC Public Liquidity Pool
Deployer: 0xdBD91aD22bE5304e385b7b0A2Cfe91164e416e11
DEPLOYER_ADDRESS: 0xdBD91aD22bE5304e385b7b0A2Cfe91164e416e11
LiquidityPoolPublicUSDC-V2-7187ffa: 0xEBa34aE94CFf4142E30544F86D210b1807BdCb42

Deployer: 0xdBD91aD22bE5304e385b7b0A2Cfe91164e416e11
DEPLOYER_ADDRESS: 0xdBD91aD22bE5304e385b7b0A2Cfe91164e416e11
Deployment ID: MVP
Deploying ERC4626 Adapter USDC
Using config for: stage, ARBITRUM_ONE
Rebalancer: 0x34Df9cD75fA0b4d8fF300AeDf7591f79dFdd61C9
Target Vault: 0xEBa34aE94CFf4142E30544F86D210b1807BdCb42
Deploying ERC4626 Adapter USDC
ERC4626AdapterUSDC-V2-7187ffa: 0x5291A3582a7eC37BA800327f7Cd1e0bF137A4ec0

Using config for: stage, ARBITRUM_ONE
Following tokens will be added to 0x697ECA1cae710FA0348e2173900e6C09b180C35b.
┌─────────┬──────────────────────────────────────────────┬───────────────────┬──────────────────────────────────────────────┐
│ (index) │ InputToken                                   │ Domain            │ OutputToken                                  │
├─────────┼──────────────────────────────────────────────┼───────────────────┼──────────────────────────────────────────────┤
│ 0       │ '0xFd086bC7CD5C481DCC9C85ebE478A1C0b69FCbb9' │ 'BASE'            │ '0xfde4C96c8593536E31F229EA8f37b2ADa2699bb2' │
│ 1       │ '0xFd086bC7CD5C481DCC9C85ebE478A1C0b69FCbb9' │ 'POLYGON_MAINNET' │ '0xc2132D05D31c914a87C6611C10748AEb04B58e8F' │
│ 2       │ '0xFd086bC7CD5C481DCC9C85ebE478A1C0b69FCbb9' │ 'UNICHAIN'        │ '0x9151434b16b9763660705744891fA906F660EcC5' │
└─────────┴──────────────────────────────────────────────┴───────────────────┴──────────────────────────────────────────────┘
Done.

Using config for: stage, ARBITRUM_ONE
Following tokens will be added to 0x697ECA1cae710FA0348e2173900e6C09b180C35b.
┌─────────┬──────────────────────────────────────────────┬────────────────┬──────────────────────────────────────────────┬──────────────┐
│ (index) │ InputToken                                   │ Domain         │ OutputToken                                  │ DecimalsDiff │
├─────────┼──────────────────────────────────────────────┼────────────────┼──────────────────────────────────────────────┼──────────────┤
│ 0       │ '0xaf88d065e77c8cC2239327C5EDb3A432268e5831' │ 'BSC'          │ '0x8AC76a51cc950d9822D68b83fE1Ad97B32Cd580d' │ -12          │
│ 1       │ '0xaf88d065e77c8cC2239327C5EDb3A432268e5831' │ 'GNOSIS_CHAIN' │ '0x2a22f9c3b484c3629090FeED35F17Ff8F88f76F0' │ 0            │
│ 2       │ '0xFd086bC7CD5C481DCC9C85ebE478A1C0b69FCbb9' │ 'BSC'          │ '0x55d398326f99059fF775485246999027B3197955' │ -12          │
│ 3       │ '0xFd086bC7CD5C481DCC9C85ebE478A1C0b69FCbb9' │ 'GNOSIS_CHAIN' │ '0x4ECaBa5870353805a9F068101A40E0f32ed605C6' │ 0            │
│ 4       │ '0xDA10009cBd5D07dd0CeCc66161FC93D7c9000da1' │ 'GNOSIS_CHAIN' │ '0xe91D153E0b41518A2Ce8Dd3D7944Fa863463a97d' │ 0            │
│ 5       │ '0x82aF49447D8a07e3bd95BD0d56f35241523fBab1' │ 'BSC'          │ '0x2170Ed0880ac9A755fd29B2688956BD959F933F8' │ 0            │
│ 6       │ '0x82aF49447D8a07e3bd95BD0d56f35241523fBab1' │ 'GNOSIS_CHAIN' │ '0x6A023CCd1ff6F2045C3309768eAd9E68F978f6e1' │ 0            │
│ 7       │ '0x2f2a2543B76A4166549F7aaB2e75Bef0aefC5B0f' │ 'BSC'          │ '0x7130d2A12B9BCbFAe4f2634d864A1Ee1Ce3Ead9c' │ -10          │
└─────────┴──────────────────────────────────────────────┴────────────────┴──────────────────────────────────────────────┴──────────────┘
Done.

Safe 0xA8eeA59b4A17CE2689E57B4dE9e825FD25705414: verified 0xdeC18ca09f163C841Fc3d44237bfD0EBbC8414dE as owner.
Deployment ID: MVP
Upgrade ID: REPAYER_TO_SELF
Upgrading Repayer
Using config for: stage, ARBITRUM_ONE
Deployer        : 0xdeC18ca09f163C841Fc3d44237bfD0EBbC8414dE
DEPLOYER_ADDRESS: 0xdBD91aD22bE5304e385b7b0A2Cfe91164e416e11
New Repayer implementation deployed to 0xa11a51185D9406ADe8B7D05166f30B31C88Ec57c
Sending Repayer upgrade transaction.
Transaction proposed to Safe 0xA8eeA59b4A17CE2689E57B4dE9e825FD25705414. Safe TX hash: 0xe315d2b447870dd991ea0d772fd0d6a1d684b9f4ecf50b392caf4a3e417549a4
Threshold met (1/1). Executing on-chain...
Executed. On-chain TX hash: 0xcd190babc6320262931bf05b4965bbe68e006e31d94347257f579b8db6aaa96a
0xcd190babc6320262931bf05b4965bbe68e006e31d94347257f579b8db6aaa96a
Repayer upgraded.

Safe 0xA8eeA59b4A17CE2689E57B4dE9e825FD25705414: verified 0xdeC18ca09f163C841Fc3d44237bfD0EBbC8414dE as owner.
Deployment ID: MVP
Upgrade ID: AUDIT_5
Upgrading Repayer
Using config for: stage, ARBITRUM_ONE
Deployer        : 0xdeC18ca09f163C841Fc3d44237bfD0EBbC8414dE
DEPLOYER_ADDRESS: 0xdBD91aD22bE5304e385b7b0A2Cfe91164e416e11
New Repayer implementation deployed to 0x08Eaa4F8eB7477fd0a6a3ebF19B87714B980Be9F
Sending Repayer upgrade transaction.
Transaction proposed to Safe 0xA8eeA59b4A17CE2689E57B4dE9e825FD25705414. Safe TX hash: 0x65ed7ae0a055c91e4e4c54375a7b66a1f572bad3e0a005e77d78a0766e566c3a
Threshold met (1/1). Executing on-chain...
Executed. On-chain TX hash: 0xfc19ca40a9b0a39294d8808f3d85f652669d64150f59c87687bcf1493b6d63e0
0xfc19ca40a9b0a39294d8808f3d85f652669d64150f59c87687bcf1493b6d63e0
Repayer upgraded.

Safe 0xA8eeA59b4A17CE2689E57B4dE9e825FD25705414: verified 0xdeC18ca09f163C841Fc3d44237bfD0EBbC8414dE as owner.
Deployment ID: MVP
Upgrade ID: AUDIT_5
Upgrading Rebalancer
Using config for: stage, ARBITRUM_ONE
Deployer        : 0xdeC18ca09f163C841Fc3d44237bfD0EBbC8414dE
DEPLOYER_ADDRESS: 0xdBD91aD22bE5304e385b7b0A2Cfe91164e416e11
New Rebalancer implementation deployed to 0xbE53e670b109Ed7Ff07a9a469Ef127Db83427016
Sending Rebalancer upgrade transaction.
Transaction proposed to Safe 0xA8eeA59b4A17CE2689E57B4dE9e825FD25705414. Safe TX hash: 0x812ff38d668466503667908c7235cee0d1f1d84e93739901e11c7c1184c217de
Threshold met (1/1). Executing on-chain...
Executed. On-chain TX hash: 0x57be7255dbf1361d3c9751ffc596cd5613d6c7648a8d6437d3871984b1c5ddbd
0x57be7255dbf1361d3c9751ffc596cd5613d6c7648a8d6437d3871984b1c5ddbd
Rebalancer upgraded.

Deployment ID: MVP
Deploying contracts set
Using config for: stage, ARBITRUM_ONE
Deployer        : 0xdBD91aD22bE5304e385b7b0A2Cfe91164e416e11
DEPLOYER_ADDRESS: 0xdBD91aD22bE5304e385b7b0A2Cfe91164e416e11
Using main asset: USDT
Deploying AAVE Liquidity Pool
LiquidityPoolAaveUSDTProxy: 0x29Ded76318fb2d01644fc816D09D48dE8cb4739e
LiquidityPoolAaveUSDTProxyAdmin: 0x21Ab03d7A40CfaD506b2ef3Dd43ce24483664B4b
Repayer was already deployed
Make sure to update the Repayer routes with the update-routes-repayer task
SprinterUSDTLPShare: 0x89f535Cef0db203485E57762504aB94CE336D1a6
LiquidityHubUSDT: 0x0Ce3Cfd4cFF1bE85b35DCb52FC4Ef5AC71a722f1
LiquidityHubProxyAdmin: 0x08b01050A93339704498E240eeA0372650Fa5e69
LiquidityHub Adjuster: 0xA8eeA59b4A17CE2689E57B4dE9e825FD25705414
LiquidityHub DepositProfit: 0xA8eeA59b4A17CE2689E57B4dE9e825FD25705414
LiquidityHub AssetsLimitSetter: 0xA8eeA59b4A17CE2689E57B4dE9e825FD25705414
LiquidityHub Assets Limit: 10000000
Multicall was already deployed
Multicall: 0xd0A630c391daEb244369DB0f75CBDF7dFeEaEaC3
Admin: 0xA8eeA59b4A17CE2689E57B4dE9e825FD25705414
LiquidityPool Withdraw Profit: 0xA8eeA59b4A17CE2689E57B4dE9e825FD25705414
LiquidityPool Pauser: 0xA8eeA59b4A17CE2689E57B4dE9e825FD25705414
MPC Address: 0x6adAF8c96151962198a9b73132c16E99F4682Eb5
USDT: 0xFd086bC7CD5C481DCC9C85ebE478A1C0b69FCbb9
Signer Address: 0xA8eeA59b4A17CE2689E57B4dE9e825FD25705414
RebalancerUSDT: 0xB6AE827F83831C78c428Abdd4c53aE6259c1383f
RebalancerUSDTProxyAdmin: 0xB4f9FE4906c58c7c917b4315288D02E347689231
RebalancerRoutes:
┌─────────┬──────────────────────────────────────────────┬────────────────┬──────────┐
│ (index) │ Pool                                         │ Domain         │ Provider │
├─────────┼──────────────────────────────────────────────┼────────────────┼──────────┤
│ 0       │ '0x756c4097F7f82A63ecd20f26EbF1edAd979A2178' │ 'TEMPO'        │ 'USDT0'  │
│ 1       │ '0x756c4097F7f82A63ecd20f26EbF1edAd979A2178' │ 'STABLE'       │ 'USDT0'  │
│ 2       │ '0x29Ded76318fb2d01644fc816D09D48dE8cb4739e' │ 'ARBITRUM_ONE' │ 'LOCAL'  │
└─────────┴──────────────────────────────────────────────┴────────────────┴──────────┘

Safe 0xA8eeA59b4A17CE2689E57B4dE9e825FD25705414: verified 0xdeC18ca09f163C841Fc3d44237bfD0EBbC8414dE as owner.
Deployment ID: MVP
Upgrade ID: MAIN_ASSET_USDT
Upgrading Repayer
Using config for: stage, ARBITRUM_ONE
Deployer        : 0xdeC18ca09f163C841Fc3d44237bfD0EBbC8414dE
DEPLOYER_ADDRESS: 0xdBD91aD22bE5304e385b7b0A2Cfe91164e416e11
New Repayer implementation deployed to 0xc75674Dc5350835Db4767e0c7DB65ccF70C80f25
Sending Repayer upgrade transaction.
Transaction proposed to Safe 0xA8eeA59b4A17CE2689E57B4dE9e825FD25705414. Safe TX hash: 0xc1f2d0a0f2a5f40ec469a7bf1430ed45e3700eff32c9ddf17cff890de2aebc8e
Threshold met (1/1). Executing on-chain...
Executed. On-chain TX hash: 0x3209604fa70608fe7df947c5467b850fb9c5156bdb3ef26d7b6728d56fd39497
0x3209604fa70608fe7df947c5467b850fb9c5156bdb3ef26d7b6728d56fd39497
Repayer upgraded.

Safe 0xA8eeA59b4A17CE2689E57B4dE9e825FD25705414: verified 0xdeC18ca09f163C841Fc3d44237bfD0EBbC8414dE as owner.
Deployment ID: MVP
Upgrade ID: MAIN_ASSET_USDT
Using config for: stage, ARBITRUM_ONE
Deployer        : 0xdeC18ca09f163C841Fc3d44237bfD0EBbC8414dE
DEPLOYER_ADDRESS: 0xdBD91aD22bE5304e385b7b0A2Cfe91164e416e11
Using main asset: USDC
Upgrading Rebalancer
New Rebalancer implementation deployed to 0x18Ba384b66849d34915658E6DABF3AAf873162d4
Sending Rebalancer upgrade transaction.
Transaction proposed to Safe 0xA8eeA59b4A17CE2689E57B4dE9e825FD25705414. Safe TX hash: 0x6d6e5b7d8ad15bd9addd0617ebbb43a11c297f5ec6832bb082221c44b1a82dae
Threshold met (1/1). Executing on-chain...
Executed. On-chain TX hash: 0x7e6d749ba329d5eb2993ce5bb99a2e2b80872deda1b6922b936dcce4ae08ba81
0x7e6d749ba329d5eb2993ce5bb99a2e2b80872deda1b6922b936dcce4ae08ba81
Rebalancer upgraded.

Safe 0xA8eeA59b4A17CE2689E57B4dE9e825FD25705414: verified 0xdeC18ca09f163C841Fc3d44237bfD0EBbC8414dE as owner.
Deployment ID: MVP
Upgrade ID: MAIN_ASSET_USDT
Using config for: stage, ARBITRUM_ONE
Deployer        : 0xdeC18ca09f163C841Fc3d44237bfD0EBbC8414dE
DEPLOYER_ADDRESS: 0xdBD91aD22bE5304e385b7b0A2Cfe91164e416e11
Using main asset: USDT
Upgrading RebalancerUSDT
New Rebalancer implementation deployed to 0x57412087bF4Ea0b46562c05C2dc8380FDF336a9d
Sending Rebalancer upgrade transaction.
Transaction proposed to Safe 0xA8eeA59b4A17CE2689E57B4dE9e825FD25705414. Safe TX hash: 0x24f98845636bf45728916871465cb848092ca8542ad7ad0e12dd978e68288c5b
Threshold met (1/1). Executing on-chain...
Executed. On-chain TX hash: 0xa84bca65deb327e8a01a8c7f11ff12eeb03d88f9a8b2019e85d9885df71d1b07
0xa84bca65deb327e8a01a8c7f11ff12eeb03d88f9a8b2019e85d9885df71d1b07
Rebalancer upgraded.
