Deployment ID: MVP
Deploying to: BASE
Deploying staging set of contracts on: BASE
Deploying AAVE Liquidity Pool
LiquidityPoolAaveUSDC: 0x2D24c6c58bBCe4BC09aE6ac559F697D97665d05D
SprinterUSDCLPShare: 0xCb85b9fEFcA1316EFe0B7E1965A8922701fF502f
LiquidityHub: 0x6FD4142Be84134C5a6D45d454529A6C3c9573B61
LiquidityHubProxyAdmin: 0x806BA52Fad6BED2EE431e4a3CC436B3F3Da54aED
LiquidityHub Adjuster: 0x2D5B6C193C39D2AECb4a99052074E6F325258a0f
LiquidityHub DepositProfit: 0x2D5B6C193C39D2AECb4a99052074E6F325258a0f
LiquidityHub Assets Limit: 10000000
SprinterLiquidityMining: 0xa85Aa9ac9EaC15BA8636cE4C8014135bC34B0525
Tiers:
┌─────────┬──────────┬────────────────┐
│ (index) │ seconds  │ multiplier     │
├─────────┼──────────┼────────────────┤
│ 0       │ 7776000  │ '0.400000000x' │
│ 1       │ 15552000 │ '1.0x'         │
│ 2       │ 31104000 │ '2.200000000x' │
└─────────┴──────────┴────────────────┘
Multicall: 0xd0A630c391daEb244369DB0f75CBDF7dFeEaEaC3
Admin: 0x2D5B6C193C39D2AECb4a99052074E6F325258a0f
LiquidityPool Withdraw Profit: 0x2D5B6C193C39D2AECb4a99052074E6F325258a0f
LiquidityPool Pauser: 0x2D5B6C193C39D2AECb4a99052074E6F325258a0f
MPC Address: 0x6adAF8c96151962198a9b73132c16E99F4682Eb5
USDC: 0x833589fCD6eDb6E08f4c7C32D4f71b54bdA02913
Rebalancer: 0x34Df9cD75fA0b4d8fF300AeDf7591f79dFdd61C9
RebalancerProxyAdmin: 0xcB33De00942f1004F59B2346d3891864DecEF14C
Routes:
┌─────────┬──────────────────────────────────────────────┬────────────────┬──────────┐
│ (index) │ Pool                                         │ Domain         │ Provider │
├─────────┼──────────────────────────────────────────────┼────────────────┼──────────┤
│ 0       │ '0x2D24c6c58bBCe4BC09aE6ac559F697D97665d05D' │ 'OP_MAINNET'   │ 'CCTP'   │
│ 1       │ '0x2D24c6c58bBCe4BC09aE6ac559F697D97665d05D' │ 'ARBITRUM_ONE' │ 'CCTP'   │
│ 2       │ '0xfe22Dff2Dc00E80e3127BCac393aC4e0672570F0' │ 'OP_MAINNET'   │ 'CCTP'   │
│ 3       │ '0xfe22Dff2Dc00E80e3127BCac393aC4e0672570F0' │ 'ARBITRUM_ONE' │ 'CCTP'   │
│ 4       │ '0x2D24c6c58bBCe4BC09aE6ac559F697D97665d05D' │ 'BASE'         │ 'LOCAL'  │
└─────────┴──────────────────────────────────────────────┴────────────────┴──────────┘

Deployment ID: MVP
Redeploying to: BASE
Deploying staging USDC pool on fork: BASE
Rebalancer: 0x34Df9cD75fA0b4d8fF300AeDf7591f79dFdd61C9
Deploying USDC Liquidity Pool
LiquidityPoolUSDC: 0xfe22Dff2Dc00E80e3127BCac393aC4e0672570F0

Deployment ID: MVP
Deploying Repayer
Using config for: stage, BASE
LiquidityPoolAave: 0x2D24c6c58bBCe4BC09aE6ac559F697D97665d05D
LiquidityPool: 0xfe22Dff2Dc00E80e3127BCac393aC4e0672570F0
Repayer: 0x697ECA1cae710FA0348e2173900e6C09b180C35b
RepayerProxyAdmin: 0x97e48e13AbAA3e4854166D2c564868215d3d1F0f
RepayerRoutes:
┌─────────┬──────────────────────────────────────────────┬────────────────┬──────────┬───────────────────┐
│ (index) │ Pool                                         │ Domain         │ Provider │ SupportsAllTokens │
├─────────┼──────────────────────────────────────────────┼────────────────┼──────────┼───────────────────┤
│ 0       │ '0x2D24c6c58bBCe4BC09aE6ac559F697D97665d05D' │ 'OP_MAINNET'   │ 'CCTP'   │ true              │
│ 1       │ '0x2D24c6c58bBCe4BC09aE6ac559F697D97665d05D' │ 'ARBITRUM_ONE' │ 'CCTP'   │ true              │
│ 2       │ '0xfe22Dff2Dc00E80e3127BCac393aC4e0672570F0' │ 'OP_MAINNET'   │ 'CCTP'   │ false             │
│ 3       │ '0xfe22Dff2Dc00E80e3127BCac393aC4e0672570F0' │ 'ARBITRUM_ONE' │ 'CCTP'   │ false             │
│ 4       │ '0x2D24c6c58bBCe4BC09aE6ac559F697D97665d05D' │ 'OP_MAINNET'   │ 'ACROSS' │ true              │
│ 5       │ '0x2D24c6c58bBCe4BC09aE6ac559F697D97665d05D' │ 'ARBITRUM_ONE' │ 'ACROSS' │ true              │
│ 6       │ '0x2D24c6c58bBCe4BC09aE6ac559F697D97665d05D' │ 'BASE'         │ 'LOCAL'  │ true              │
│ 7       │ '0xfe22Dff2Dc00E80e3127BCac393aC4e0672570F0' │ 'BASE'         │ 'LOCAL'  │ false             │
└─────────┴──────────────────────────────────────────────┴────────────────┴──────────┴───────────────────┘

Deployment ID: MVP
Deploying Standalone Repayer
Using config for: SparkStage, BASE
Repayer: 0x4c1545A73e2d586625e92482E706Eaa400613eb9
RepayerProxyAdmin: 0x0d54E83bA5651d99f6675c6De0171Cb11C3025c8
Repayer callers: 0x6D2C6B7B16f95B123dD3F536DCb96CB9B65d2aa3, 0xc1d6EEa5ce163d7D9f1952Db220830Aae16Cb607
RepayerRoutes:
┌─────────┬──────────────────────────────────────────────┬────────────────┬─────────────┬───────────────────┐
│ (index) │ Pool                                         │ Domain         │ Provider    │ SupportsAllTokens │
├─────────┼──────────────────────────────────────────────┼────────────────┼─────────────┼───────────────────┤
│ 0       │ '0xa21007B5BC5E2B488063752d1BE43C0f3f376743' │ 'BASE'         │ 'LOCAL'     │ true              │
│ 1       │ '0xa21007B5BC5E2B488063752d1BE43C0f3f376743' │ 'ARBITRUM_ONE' │ 'CCTP'      │ false             │
│ 2       │ '0xa21007B5BC5E2B488063752d1BE43C0f3f376743' │ 'ARBITRUM_ONE' │ 'ACROSS'    │ true              │
│ 3       │ '0xa21007B5BC5E2B488063752d1BE43C0f3f376743' │ 'ARBITRUM_ONE' │ 'STARGATE'  │ true              │
│ 4       │ '0xa21007B5BC5E2B488063752d1BE43C0f3f376743' │ 'ARBITRUM_ONE' │ 'EVERCLEAR' │ true              │
│ 5       │ '0xa21007B5BC5E2B488063752d1BE43C0f3f376743' │ 'OP_MAINNET'   │ 'CCTP'      │ false             │
│ 6       │ '0xa21007B5BC5E2B488063752d1BE43C0f3f376743' │ 'OP_MAINNET'   │ 'ACROSS'    │ true              │
│ 7       │ '0xa21007B5BC5E2B488063752d1BE43C0f3f376743' │ 'OP_MAINNET'   │ 'STARGATE'  │ true              │
│ 8       │ '0xa21007B5BC5E2B488063752d1BE43C0f3f376743' │ 'OP_MAINNET'   │ 'EVERCLEAR' │ true              │
└─────────┴──────────────────────────────────────────────┴────────────────┴─────────────┴───────────────────┘

Using config for: stage, BASE
Following tokens will be added to 0x697ECA1cae710FA0348e2173900e6C09b180C35b.
┌─────────┬──────────────────────────────────────────────┬───────────────────┬──────────────────────────────────────────────┐
│ (index) │ InputToken                                   │ Domain            │ OutputToken                                  │
├─────────┼──────────────────────────────────────────────┼───────────────────┼──────────────────────────────────────────────┤
│ 0       │ '0xfde4C96c8593536E31F229EA8f37b2ADa2699bb2' │ 'ETHEREUM'        │ '0xdAC17F958D2ee523a2206206994597C13D831ec7' │
│ 1       │ '0xfde4C96c8593536E31F229EA8f37b2ADa2699bb2' │ 'OP_MAINNET'      │ '0x94b008aA00579c1307B0EF2c499aD98a8ce58e58' │
│ 2       │ '0xfde4C96c8593536E31F229EA8f37b2ADa2699bb2' │ 'ARBITRUM_ONE'    │ '0xFd086bC7CD5C481DCC9C85ebE478A1C0b69FCbb9' │
│ 3       │ '0xfde4C96c8593536E31F229EA8f37b2ADa2699bb2' │ 'POLYGON_MAINNET' │ '0xc2132D05D31c914a87C6611C10748AEb04B58e8F' │
│ 4       │ '0xfde4C96c8593536E31F229EA8f37b2ADa2699bb2' │ 'UNICHAIN'        │ '0x9151434b16b9763660705744891fA906F660EcC5' │
│ 5       │ '0xfde4C96c8593536E31F229EA8f37b2ADa2699bb2' │ 'LINEA'           │ '0xA219439258ca9da29E9Cc4cE5596924745e12B93' │
└─────────┴──────────────────────────────────────────────┴───────────────────┴──────────────────────────────────────────────┘
Done.

Using config for: stage, BASE
Following tokens will be added to 0x697ECA1cae710FA0348e2173900e6C09b180C35b.
┌─────────┬──────────────────────────────────────────────┬────────────────┬──────────────────────────────────────────────┬──────────────┐
│ (index) │ InputToken                                   │ Domain         │ OutputToken                                  │ DecimalsDiff │
├─────────┼──────────────────────────────────────────────┼────────────────┼──────────────────────────────────────────────┼──────────────┤
│ 0       │ '0x833589fCD6eDb6E08f4c7C32D4f71b54bdA02913' │ 'BSC'          │ '0x8AC76a51cc950d9822D68b83fE1Ad97B32Cd580d' │ -12          │
│ 1       │ '0x833589fCD6eDb6E08f4c7C32D4f71b54bdA02913' │ 'GNOSIS_CHAIN' │ '0x2a22f9c3b484c3629090FeED35F17Ff8F88f76F0' │ 0            │
│ 2       │ '0xfde4C96c8593536E31F229EA8f37b2ADa2699bb2' │ 'BSC'          │ '0x55d398326f99059fF775485246999027B3197955' │ -12          │
│ 3       │ '0xfde4C96c8593536E31F229EA8f37b2ADa2699bb2' │ 'GNOSIS_CHAIN' │ '0x4ECaBa5870353805a9F068101A40E0f32ed605C6' │ 0            │
│ 4       │ '0x50c5725949A6F0c72E6C4a641F24049A917DB0Cb' │ 'GNOSIS_CHAIN' │ '0xe91D153E0b41518A2Ce8Dd3D7944Fa863463a97d' │ 0            │
│ 5       │ '0x4200000000000000000000000000000000000006' │ 'BSC'          │ '0x2170Ed0880ac9A755fd29B2688956BD959F933F8' │ 0            │
│ 6       │ '0x4200000000000000000000000000000000000006' │ 'GNOSIS_CHAIN' │ '0x6A023CCd1ff6F2045C3309768eAd9E68F978f6e1' │ 0            │
└─────────┴──────────────────────────────────────────────┴────────────────┴──────────────────────────────────────────────┴──────────────┘
Done.

Safe 0xA8eeA59b4A17CE2689E57B4dE9e825FD25705414: verified 0xdeC18ca09f163C841Fc3d44237bfD0EBbC8414dE as owner.
Deployment ID: MVP
Upgrade ID: REPAYER_TO_SELF
Upgrading Repayer
Using config for: stage, BASE
Deployer        : 0xdeC18ca09f163C841Fc3d44237bfD0EBbC8414dE
DEPLOYER_ADDRESS: 0xdBD91aD22bE5304e385b7b0A2Cfe91164e416e11
New Repayer implementation deployed to 0xa11a51185D9406ADe8B7D05166f30B31C88Ec57c
Sending Repayer upgrade transaction.
Transaction proposed to Safe 0xA8eeA59b4A17CE2689E57B4dE9e825FD25705414. Safe TX hash: 0x4ca332a7fac4b2b5ac24c16748d440181e4b1642e6f30493f8421c5489c4ef55
Threshold met (1/1). Executing on-chain...
Executed. On-chain TX hash: 0x371161017a58199cee903690449c83e8df705bbb90f8acc4c98661397112f92e
0x371161017a58199cee903690449c83e8df705bbb90f8acc4c98661397112f92e
Repayer upgraded.

Safe 0xA8eeA59b4A17CE2689E57B4dE9e825FD25705414: verified 0xdeC18ca09f163C841Fc3d44237bfD0EBbC8414dE as owner.
Deployment ID: MVP
Upgrade ID: ASYNC_REDEEM
Upgrading Liquidity Hub
Using config for: stage, BASE
Deployer        : 0xdeC18ca09f163C841Fc3d44237bfD0EBbC8414dE
DEPLOYER_ADDRESS: 0xdBD91aD22bE5304e385b7b0A2Cfe91164e416e11
Liquidity Pool: 0x4e13849d29a9a7A200196DC16722ddeb67b6e769
New LiquidityHub implementation deployed to 0xCC08845c071C00650D0e42379F51480c086b034B
Sending LiquidityHub upgrade transaction.
Transaction proposed to Safe 0xA8eeA59b4A17CE2689E57B4dE9e825FD25705414. Safe TX hash: 0xfb9ed4ebe327fae40528a6f209889c56ca1596c0055978902c116dc1ed0fb9c1
Threshold met (1/1). Executing on-chain...
Executed. On-chain TX hash: 0x92dd63540cd2fb1a090f84d8c9ea8cee4853e053521e335f14df9be20be55f83
0x92dd63540cd2fb1a090f84d8c9ea8cee4853e053521e335f14df9be20be55f83
LiquidityHub upgraded.

Safe 0xA8eeA59b4A17CE2689E57B4dE9e825FD25705414: verified 0xdeC18ca09f163C841Fc3d44237bfD0EBbC8414dE as owner.
Deployment ID: MVP
Upgrade ID: AUDIT_5
Upgrading Repayer
Using config for: stage, BASE
Deployer        : 0xdeC18ca09f163C841Fc3d44237bfD0EBbC8414dE
DEPLOYER_ADDRESS: 0xdBD91aD22bE5304e385b7b0A2Cfe91164e416e11
New Repayer implementation deployed to 0x08Eaa4F8eB7477fd0a6a3ebF19B87714B980Be9F
Sending Repayer upgrade transaction.
Transaction proposed to Safe 0xA8eeA59b4A17CE2689E57B4dE9e825FD25705414. Safe TX hash: 0xfd727050994556366784d3587536ad91aab6fb564883c5bdd95181a5e1ac32e7
Threshold met (1/1). Executing on-chain...
Executed. On-chain TX hash: 0xb9017d02ad61b27b0add4826a60770606e144cb29177f9004ab7f1d4b1250dac
0xb9017d02ad61b27b0add4826a60770606e144cb29177f9004ab7f1d4b1250dac
Repayer upgraded.

Safe 0xA8eeA59b4A17CE2689E57B4dE9e825FD25705414: verified 0xdeC18ca09f163C841Fc3d44237bfD0EBbC8414dE as owner.
Deployment ID: MVP
Upgrade ID: AUDIT_5
Upgrading Rebalancer
Using config for: stage, BASE
Deployer        : 0xdeC18ca09f163C841Fc3d44237bfD0EBbC8414dE
DEPLOYER_ADDRESS: 0xdBD91aD22bE5304e385b7b0A2Cfe91164e416e11
New Rebalancer implementation deployed to 0xbE53e670b109Ed7Ff07a9a469Ef127Db83427016
Sending Rebalancer upgrade transaction.
Transaction proposed to Safe 0xA8eeA59b4A17CE2689E57B4dE9e825FD25705414. Safe TX hash: 0xc05144875c13efc29dfefe35147b7c968284283158e8cb470027c3dae504e2fc
Threshold met (1/1). Executing on-chain...
Executed. On-chain TX hash: 0xa22750d8fae5003e73537e96c99a965ba1b39113edf252eb98f153704bcb2403
0xa22750d8fae5003e73537e96c99a965ba1b39113edf252eb98f153704bcb2403
Rebalancer upgraded.

Safe 0xA8eeA59b4A17CE2689E57B4dE9e825FD25705414: verified 0xdeC18ca09f163C841Fc3d44237bfD0EBbC8414dE as owner.
Deployment ID: MVP
Upgrade ID: AUDIT_5
Upgrading Liquidity Hub
Using config for: stage, BASE
Deployer        : 0xdeC18ca09f163C841Fc3d44237bfD0EBbC8414dE
DEPLOYER_ADDRESS: 0xdBD91aD22bE5304e385b7b0A2Cfe91164e416e11
Liquidity Pool: 0x4e13849d29a9a7A200196DC16722ddeb67b6e769
New LiquidityHub implementation deployed to 0xc244E517473bcf393d37E89F135437558c952B64
Sending LiquidityHub upgrade transaction.
Transaction proposed to Safe 0xA8eeA59b4A17CE2689E57B4dE9e825FD25705414. Safe TX hash: 0x8885133c90a512bb6276c066cdb25588d725ed634bf0e49f9e8f115c26ea118e
Threshold met (1/1). Executing on-chain...
Executed. On-chain TX hash: 0xbe3c979c400b4a1ec455070765bc70b3860ba119dca5fe1114cca0b4b0a0fb56
0xbe3c979c400b4a1ec455070765bc70b3860ba119dca5fe1114cca0b4b0a0fb56
LiquidityHub upgraded.

Safe 0xA8eeA59b4A17CE2689E57B4dE9e825FD25705414: verified 0xdeC18ca09f163C841Fc3d44237bfD0EBbC8414dE as owner.
Deployment ID: MVP
Upgrade ID: MAIN_ASSET_USDT
Upgrading Repayer
Using config for: stage, BASE
Deployer        : 0xdeC18ca09f163C841Fc3d44237bfD0EBbC8414dE
DEPLOYER_ADDRESS: 0xdBD91aD22bE5304e385b7b0A2Cfe91164e416e11
New Repayer implementation deployed to 0xc75674Dc5350835Db4767e0c7DB65ccF70C80f25
Sending Repayer upgrade transaction.
Transaction proposed to Safe 0xA8eeA59b4A17CE2689E57B4dE9e825FD25705414. Safe TX hash: 0x66b53fc364e51cdbc56155187da6a72a5a8b28cbf1c4d078260faaaf40a9f444
Threshold met (1/1). Executing on-chain...
Executed. On-chain TX hash: 0xce9f2f9e1c4904fd247c3ba3f9e6b77633b7d5757bd04f9142a5b3a545150b40
0xce9f2f9e1c4904fd247c3ba3f9e6b77633b7d5757bd04f9142a5b3a545150b40
Repayer upgraded.

Safe 0xA8eeA59b4A17CE2689E57B4dE9e825FD25705414: verified 0xdeC18ca09f163C841Fc3d44237bfD0EBbC8414dE as owner.
Deployment ID: MVP
Upgrade ID: MAIN_ASSET_USDT
Using config for: stage, BASE
Deployer        : 0xdeC18ca09f163C841Fc3d44237bfD0EBbC8414dE
DEPLOYER_ADDRESS: 0xdBD91aD22bE5304e385b7b0A2Cfe91164e416e11
Using main asset: USDC
Upgrading Rebalancer
New Rebalancer implementation deployed to 0x18Ba384b66849d34915658E6DABF3AAf873162d4
Sending Rebalancer upgrade transaction.
Transaction proposed to Safe 0xA8eeA59b4A17CE2689E57B4dE9e825FD25705414. Safe TX hash: 0x46b220f8526a6fef16eb79b532b3718853f7023944a4a6ac8155a8e10cafd41a
Threshold met (1/1). Executing on-chain...
Executed. On-chain TX hash: 0xc38a21d3b847877c53fc955da0ac648415c457e0de1285d7ad58d942960a23d1
0xc38a21d3b847877c53fc955da0ac648415c457e0de1285d7ad58d942960a23d1
Rebalancer upgraded.
