Deployment ID: MVP
Deploying to: ARBITRUM_ONE
Deploying AAVE Liquidity Pool
LiquidityPoolAaveUSDC: 0x7C255279c098fdF6c3116D2BecD9978002c09f4b
Deploying USDC Liquidity Pool
LiquidityPoolUSDC: 0xB58Bb9643884abbbad64FA7eBc874c5481E5c032
Multicall: 0x7C472EBa1945E970a23C903FC8812D469a29B6bb
Admin: 0x4eA9E682BA79bC403523c9e8D98A05EaF3810636
LiquidityPool Withdraw Profit: 0x83B8D2eAda788943c3e80892f37f9c102271C1D6
LiquidityPool Pauser: 0x83B8D2eAda788943c3e80892f37f9c102271C1D6
MPC Address: 0x1337000000000000000000000000000000000000
USDC: 0xaf88d065e77c8cC2239327C5EDb3A432268e5831
Rebalancer: 0xA85Cf46c150db2600b1D03E437bedD5513869888
RebalancerProxyAdmin: 0x818E818aC77112034aBf79506d53ba197Cac5077
Routes:
┌─────────┬──────────────────────────────────────────────┬────────────────┬──────────┐
│ (index) │ Pool                                         │ Domain         │ Provider │
├─────────┼──────────────────────────────────────────────┼────────────────┼──────────┤
│ 0       │ '0x7C255279c098fdF6c3116D2BecD9978002c09f4b' │ 'BASE'         │ 'CCTP'   │
│ 1       │ '0x7C255279c098fdF6c3116D2BecD9978002c09f4b' │ 'OP_MAINNET'   │ 'CCTP'   │
│ 2       │ '0xB58Bb9643884abbbad64FA7eBc874c5481E5c032' │ 'BASE'         │ 'CCTP'   │
│ 3       │ '0xB58Bb9643884abbbad64FA7eBc874c5481E5c032' │ 'OP_MAINNET'   │ 'CCTP'   │
│ 4       │ '0x7C255279c098fdF6c3116D2BecD9978002c09f4b' │ 'ARBITRUM_ONE' │ 'LOCAL'  │
│ 5       │ '0xB58Bb9643884abbbad64FA7eBc874c5481E5c032' │ 'ARBITRUM_ONE' │ 'LOCAL'  │
└─────────┴──────────────────────────────────────────────┴────────────────┴──────────┘

Deployment ID: MVP
Deploying Repayer
Using config for: ARBITRUM_ONE
LiquidityPoolAave: 0x7C255279c098fdF6c3116D2BecD9978002c09f4b
LiquidityPool: 0xB58Bb9643884abbbad64FA7eBc874c5481E5c032
Repayer: 0x36364Acc7B9c67692CA215af09A41CBd10439511
RepayerProxyAdmin: 0x2B5D04eF6b3279bCdA4B219b02FAF627dA1664CB
RepayerRoutes:
┌─────────┬──────────────────────────────────────────────┬────────────────┬─────────────┬───────────────────┐
│ (index) │ Pool                                         │ Domain         │ Provider    │ SupportsAllTokens │
├─────────┼──────────────────────────────────────────────┼────────────────┼─────────────┼───────────────────┤
│ 0       │ '0x7C255279c098fdF6c3116D2BecD9978002c09f4b' │ 'OP_MAINNET'   │ 'CCTP'      │ true              │
│ 1       │ '0x7C255279c098fdF6c3116D2BecD9978002c09f4b' │ 'BASE'         │ 'CCTP'      │ true              │
│ 2       │ '0x7C255279c098fdF6c3116D2BecD9978002c09f4b' │ 'OP_MAINNET'   │ 'ACROSS'    │ true              │
│ 3       │ '0x7C255279c098fdF6c3116D2BecD9978002c09f4b' │ 'BASE'         │ 'ACROSS'    │ true              │
│ 4       │ '0x7C255279c098fdF6c3116D2BecD9978002c09f4b' │ 'OP_MAINNET'   │ 'EVERCLEAR' │ true              │
│ 5       │ '0x7C255279c098fdF6c3116D2BecD9978002c09f4b' │ 'BASE'         │ 'EVERCLEAR' │ true              │
│ 6       │ '0xB58Bb9643884abbbad64FA7eBc874c5481E5c032' │ 'OP_MAINNET'   │ 'CCTP'      │ false             │
│ 7       │ '0xB58Bb9643884abbbad64FA7eBc874c5481E5c032' │ 'BASE'         │ 'CCTP'      │ false             │
│ 8       │ '0x7C255279c098fdF6c3116D2BecD9978002c09f4b' │ 'ARBITRUM_ONE' │ 'LOCAL'     │ true              │
│ 9       │ '0xB58Bb9643884abbbad64FA7eBc874c5481E5c032' │ 'ARBITRUM_ONE' │ 'LOCAL'     │ false             │
└─────────┴──────────────────────────────────────────────┴────────────────┴─────────────┴───────────────────┘

Deployment ID: MVP
Upgrade ID: MVP2
Upgrading Rebalancer
Using config for: ARBITRUM_ONE
New Rebalancer implementation deployed to 0xC9A2cB19c2b155f62A1c4F165c315ce67b974e98
Simulating Rebalancer upgrade.
Success.
To finalize upgrade send the following transaction from ProxyAdmin owner: 0x4eA9E682BA79bC403523c9e8D98A05EaF3810636
To: 0x818E818aC77112034aBf79506d53ba197Cac5077
Value: 0
Data: 0x9623609d000000000000000000000000a85cf46c150db2600b1d03e437bedd5513869888000000000000000000000000c9a2cb19c2b155f62a1c4f165c315ce67b974e9800000000000000000000000000000000000000000000000000000000000000600000000000000000000000000000000000000000000000000000000000000000

Deployment ID: MVP
Upgrade ID: MVP3
Upgrading Repayer
Using config for: ARBITRUM_ONE
New Repayer implementation deployed to 0x88E87c2d8890b0d54b54B66CddD82b47490b90AB
Simulating Repayer upgrade.
Success.
To finalize upgrade send the following transaction from ProxyAdmin owner: 0x4eA9E682BA79bC403523c9e8D98A05EaF3810636
To: 0x2B5D04eF6b3279bCdA4B219b02FAF627dA1664CB
Value: 0
Data: 0x9623609d00000000000000000000000036364acc7b9c67692ca215af09a41cbd1043951100000000000000000000000088e87c2d8890b0d54b54b66cddd82b47490b90ab00000000000000000000000000000000000000000000000000000000000000600000000000000000000000000000000000000000000000000000000000000000

Deployer: 0xD44E9811169e0e84363a9c689eEcbBc73ffDfE2b
DEPLOYER_ADDRESS: 0xD44E9811169e0e84363a9c689eEcbBc73ffDfE2b
Deployment ID: MVP
Deploying USDC Pool
Using config for: ARBITRUM_ONE
Rebalancer: 0xA85Cf46c150db2600b1D03E437bedD5513869888
Deploying USDC Liquidity Pool
LiquidityPoolUSDC-V4-7187ffa: 0x0E16326e6921395edA2575740374E754b22810eb

Deployer: 0xD44E9811169e0e84363a9c689eEcbBc73ffDfE2b
DEPLOYER_ADDRESS: 0xD44E9811169e0e84363a9c689eEcbBc73ffDfE2b
Deployment ID: MVP
Deploying Aave USDC Pool
Using config for: ARBITRUM_ONE
Rebalancer: 0xA85Cf46c150db2600b1D03E437bedD5513869888
Deploying Aave USDC Liquidity Pool
LiquidityPoolAaveUSDC-V4-7187ffa: 0x2022a5600F854cc3218E636239f4DFce9e5357b5

Deployment ID: MVP
Upgrade ID: MVP4
Upgrading Repayer
Using config for: ARBITRUM_ONE
Deployer        : 0xD44E9811169e0e84363a9c689eEcbBc73ffDfE2b
DEPLOYER_ADDRESS: 0xD44E9811169e0e84363a9c689eEcbBc73ffDfE2b
New Repayer implementation deployed to 0x8B44EA7B43aBd8E3FC87f592F2C0FAa13eC135c0
Simulating Repayer upgrade.
Success.
To finalize upgrade send the following transaction from ProxyAdmin owner: 0x4eA9E682BA79bC403523c9e8D98A05EaF3810636
To: 0x2B5D04eF6b3279bCdA4B219b02FAF627dA1664CB
Value: 0
Data: 0x9623609d00000000000000000000000036364acc7b9c67692ca215af09a41cbd104395110000000000000000000000008b44ea7b43abd8e3fc87f592f2c0faa13ec135c000000000000000000000000000000000000000000000000000000000000000600000000000000000000000000000000000000000000000000000000000000000

Deployment ID: MVP
Upgrade ID: MVP4
Upgrading Rebalancer
Using config for: ARBITRUM_ONE
Deployer        : 0xD44E9811169e0e84363a9c689eEcbBc73ffDfE2b
DEPLOYER_ADDRESS: 0xD44E9811169e0e84363a9c689eEcbBc73ffDfE2b
New Rebalancer implementation deployed to 0x66c0913A7a2a18b4C1BAa9985199736E548B4918
Simulating Rebalancer upgrade.
Success.
To finalize upgrade send the following transaction from ProxyAdmin owner: 0x4eA9E682BA79bC403523c9e8D98A05EaF3810636
To: 0x818E818aC77112034aBf79506d53ba197Cac5077
Value: 0
Data: 0x9623609d000000000000000000000000a85cf46c150db2600b1d03e437bedd551386988800000000000000000000000066c0913a7a2a18b4c1baa9985199736e548b491800000000000000000000000000000000000000000000000000000000000000600000000000000000000000000000000000000000000000000000000000000000

Deployment ID: MVP
Upgrade ID: MVP5
Upgrading Repayer
Using config for: ARBITRUM_ONE
Deployer        : 0xD44E9811169e0e84363a9c689eEcbBc73ffDfE2b
DEPLOYER_ADDRESS: 0xD44E9811169e0e84363a9c689eEcbBc73ffDfE2b
New Repayer implementation deployed to 0x97611394FFc80228D8422ddD19Cdf759A3D099Ab
Simulating Repayer upgrade.
Success.
To finalize upgrade send the following transaction from ProxyAdmin owner: 0x4eA9E682BA79bC403523c9e8D98A05EaF3810636
To: 0x2B5D04eF6b3279bCdA4B219b02FAF627dA1664CB
Value: 0
Data: 0x9623609d00000000000000000000000036364acc7b9c67692ca215af09a41cbd1043951100000000000000000000000097611394ffc80228d8422ddd19cdf759a3d099ab00000000000000000000000000000000000000000000000000000000000000600000000000000000000000000000000000000000000000000000000000000000

Deployment ID: MVP
Upgrade ID: MAIN_ASSET_USDT
Upgrading Repayer
Using config for: ARBITRUM_ONE
Deployer        : 0xD44E9811169e0e84363a9c689eEcbBc73ffDfE2b
DEPLOYER_ADDRESS: 0xD44E9811169e0e84363a9c689eEcbBc73ffDfE2b
New Repayer implementation deployed to 0x37f3F7b6741D8832d3a36f514f68517d292a3811
Simulating Repayer upgrade.
Success.
To finalize upgrade send the following transaction from ProxyAdmin owner: 0x4eA9E682BA79bC403523c9e8D98A05EaF3810636
To: 0x2B5D04eF6b3279bCdA4B219b02FAF627dA1664CB
Value: 0
Data: 0x9623609d00000000000000000000000036364acc7b9c67692ca215af09a41cbd1043951100000000000000000000000037f3f7b6741d8832d3a36f514f68517d292a381100000000000000000000000000000000000000000000000000000000000000600000000000000000000000000000000000000000000000000000000000000000

Deployment ID: MVP
Deploying contracts set
Using config for: ARBITRUM_ONE
Deployer        : 0xD44E9811169e0e84363a9c689eEcbBc73ffDfE2b
DEPLOYER_ADDRESS: 0xD44E9811169e0e84363a9c689eEcbBc73ffDfE2b
Using main asset: USDT
Deploying AAVE Liquidity Pool
LiquidityPoolAaveUSDTProxy: 0xe0cA2791aeB3cd767cEB5217e7f3011e1a2e19D3
LiquidityPoolAaveUSDTProxyAdmin: 0x97bFDfa6481e2a480769Eb258db3fD2005DE5C56
Repayer was already deployed
Make sure to update the Repayer routes with the update-routes-repayer task
SprinterUSDTLPShare: 0xa13a87A57be24b29e4ca87fcAb5C419C16dCcEb3
LiquidityHubUSDT: 0xdAb74B00780461940Bf61aED8Ee00E9d710b1f7d
LiquidityHubProxyAdmin: 0xBF7E16Ec37BeBc3bab7D101b9d2402c3060477cA
LiquidityHub Adjuster: 0x4eA9E682BA79bC403523c9e8D98A05EaF3810636
LiquidityHub DepositProfit: 0x83B8D2eAda788943c3e80892f37f9c102271C1D6
LiquidityHub AssetsLimitSetter: 0x83B8D2eAda788943c3e80892f37f9c102271C1D6
LiquidityHub Assets Limit: 10000000
Multicall was already deployed
Multicall: 0x7C472EBa1945E970a23C903FC8812D469a29B6bb
Admin: 0x4eA9E682BA79bC403523c9e8D98A05EaF3810636
LiquidityPool Withdraw Profit: 0x83B8D2eAda788943c3e80892f37f9c102271C1D6
LiquidityPool Pauser: 0x83B8D2eAda788943c3e80892f37f9c102271C1D6
MPC Address: 0x3F68D470701522F1c9bb21CF44a33dBFa8E299C2
USDT: 0xFd086bC7CD5C481DCC9C85ebE478A1C0b69FCbb9
Signer Address: 0x83B8D2eAda788943c3e80892f37f9c102271C1D6
RebalancerUSDT: 0x9a9938972A37Fd546Bf72420114bA2E3e41b94f9
RebalancerUSDTProxyAdmin: 0xeb98A7ed19E1aA2E027b19D2bc9671aA7b35835a
RebalancerRoutes:
┌─────────┬──────────────────────────────────────────────┬────────────────┬──────────┐
│ (index) │ Pool                                         │ Domain         │ Provider │
├─────────┼──────────────────────────────────────────────┼────────────────┼──────────┤
│ 0       │ '0xe0cA2791aeB3cd767cEB5217e7f3011e1a2e19D3' │ 'ARBITRUM_ONE' │ 'LOCAL'  │
└─────────┴──────────────────────────────────────────────┴────────────────┴──────────┘
Repayer: 0x36364Acc7B9c67692CA215af09A41CBd10439511
RepayerProxyAdmin: 0x2B5D04eF6b3279bCdA4B219b02FAF627dA1664CB
