Deployment ID: MVP
Deploying contracts set
Using config for: stage, ETHEREUM
Deploying USDC Liquidity Pool
LiquidityPoolUSDC-V3-e09cc75: 0x578aD20ec27E11B3772F91cc6f435d782cc362EA
Multicall: 0xd0A630c391daEb244369DB0f75CBDF7dFeEaEaC3
Admin: 0x2D5B6C193C39D2AECb4a99052074E6F325258a0f
LiquidityPool Withdraw Profit: 0x2D5B6C193C39D2AECb4a99052074E6F325258a0f
LiquidityPool Pauser: 0x2D5B6C193C39D2AECb4a99052074E6F325258a0f
MPC Address: 0x6adAF8c96151962198a9b73132c16E99F4682Eb5
USDC: 0xA0b86991c6218b36c1d19D4a2e9Eb0cE3606eB48
Signer Address: 0x2D5B6C193C39D2AECb4a99052074E6F325258a0f
Rebalancer: 0x34Df9cD75fA0b4d8fF300AeDf7591f79dFdd61C9
RebalancerProxyAdmin: 0xcB33De00942f1004F59B2346d3891864DecEF14C
RebalancerRoutes:
┌─────────┬──────────────────────────────────────────────┬────────────────┬──────────┐
│ (index) │ Pool                                         │ Domain         │ Provider │
├─────────┼──────────────────────────────────────────────┼────────────────┼──────────┤
│ 0       │ '0x2B7899f3d553FCcf61122BdA60f5f9a9AE390683' │ 'BASE'         │ 'CCTP'   │
│ 1       │ '0x2B7899f3d553FCcf61122BdA60f5f9a9AE390683' │ 'ARBITRUM_ONE' │ 'CCTP'   │
│ 2       │ '0x2B7899f3d553FCcf61122BdA60f5f9a9AE390683' │ 'OP_MAINNET'   │ 'CCTP'   │
│ 3       │ '0x578aD20ec27E11B3772F91cc6f435d782cc362EA' │ 'BASE'         │ 'CCTP'   │
│ 4       │ '0x578aD20ec27E11B3772F91cc6f435d782cc362EA' │ 'ARBITRUM_ONE' │ 'CCTP'   │
│ 5       │ '0x578aD20ec27E11B3772F91cc6f435d782cc362EA' │ 'OP_MAINNET'   │ 'CCTP'   │
│ 6       │ '0x4ce56b5D7e79dF121aF2eC055D096eF983F459e6' │ 'ARBITRUM_ONE' │ 'CCTP'   │
│ 7       │ '0x578aD20ec27E11B3772F91cc6f435d782cc362EA' │ 'ETHEREUM'     │ 'LOCAL'  │
└─────────┴──────────────────────────────────────────────┴────────────────┴──────────┘
Repayer: 0x697ECA1cae710FA0348e2173900e6C09b180C35b
RepayerProxyAdmin: 0x97e48e13AbAA3e4854166D2c564868215d3d1F0f
RepayerRoutes:
┌─────────┬──────────────────────────────────────────────┬────────────────┬─────────────┬───────────────────┐
│ (index) │ Pool                                         │ Domain         │ Provider    │ SupportsAllTokens │
├─────────┼──────────────────────────────────────────────┼────────────────┼─────────────┼───────────────────┤
│ 0       │ '0x2B7899f3d553FCcf61122BdA60f5f9a9AE390683' │ 'ARBITRUM_ONE' │ 'CCTP'      │ true              │
│ 1       │ '0x2B7899f3d553FCcf61122BdA60f5f9a9AE390683' │ 'ARBITRUM_ONE' │ 'ACROSS'    │ true              │
│ 2       │ '0x2B7899f3d553FCcf61122BdA60f5f9a9AE390683' │ 'ARBITRUM_ONE' │ 'EVERCLEAR' │ true              │
│ 3       │ '0x2B7899f3d553FCcf61122BdA60f5f9a9AE390683' │ 'BASE'         │ 'CCTP'      │ true              │
│ 4       │ '0x2B7899f3d553FCcf61122BdA60f5f9a9AE390683' │ 'BASE'         │ 'ACROSS'    │ true              │
│ 5       │ '0x2B7899f3d553FCcf61122BdA60f5f9a9AE390683' │ 'BASE'         │ 'EVERCLEAR' │ true              │
│ 6       │ '0x2B7899f3d553FCcf61122BdA60f5f9a9AE390683' │ 'OP_MAINNET'   │ 'CCTP'      │ true              │
│ 7       │ '0x2B7899f3d553FCcf61122BdA60f5f9a9AE390683' │ 'OP_MAINNET'   │ 'ACROSS'    │ true              │
│ 8       │ '0x2B7899f3d553FCcf61122BdA60f5f9a9AE390683' │ 'OP_MAINNET'   │ 'EVERCLEAR' │ true              │
│ 9       │ '0x578aD20ec27E11B3772F91cc6f435d782cc362EA' │ 'ARBITRUM_ONE' │ 'CCTP'      │ false             │
│ 10      │ '0x578aD20ec27E11B3772F91cc6f435d782cc362EA' │ 'ARBITRUM_ONE' │ 'ACROSS'    │ false             │
│ 11      │ '0x578aD20ec27E11B3772F91cc6f435d782cc362EA' │ 'ARBITRUM_ONE' │ 'EVERCLEAR' │ false             │
│ 12      │ '0x578aD20ec27E11B3772F91cc6f435d782cc362EA' │ 'BASE'         │ 'CCTP'      │ false             │
│ 13      │ '0x578aD20ec27E11B3772F91cc6f435d782cc362EA' │ 'BASE'         │ 'ACROSS'    │ false             │
│ 14      │ '0x578aD20ec27E11B3772F91cc6f435d782cc362EA' │ 'BASE'         │ 'EVERCLEAR' │ false             │
│ 15      │ '0x578aD20ec27E11B3772F91cc6f435d782cc362EA' │ 'OP_MAINNET'   │ 'CCTP'      │ false             │
│ 16      │ '0x578aD20ec27E11B3772F91cc6f435d782cc362EA' │ 'OP_MAINNET'   │ 'ACROSS'    │ false             │
│ 17      │ '0x578aD20ec27E11B3772F91cc6f435d782cc362EA' │ 'OP_MAINNET'   │ 'EVERCLEAR' │ false             │
│ 18      │ '0x4ce56b5D7e79dF121aF2eC055D096eF983F459e6' │ 'ARBITRUM_ONE' │ 'CCTP'      │ true              │
│ 19      │ '0x4ce56b5D7e79dF121aF2eC055D096eF983F459e6' │ 'ARBITRUM_ONE' │ 'ACROSS'    │ true              │
│ 20      │ '0x4ce56b5D7e79dF121aF2eC055D096eF983F459e6' │ 'ARBITRUM_ONE' │ 'EVERCLEAR' │ true              │
│ 21      │ '0x578aD20ec27E11B3772F91cc6f435d782cc362EA' │ 'ETHEREUM'     │ 'LOCAL'     │ false             │
└─────────┴──────────────────────────────────────────────┴────────────────┴─────────────┴───────────────────┘

Deployer: 0xdBD91aD22bE5304e385b7b0A2Cfe91164e416e11
DEPLOYER_ADDRESS: 0xdBD91aD22bE5304e385b7b0A2Cfe91164e416e11
Deployment ID: MVP
Deploying USDC Pool
Using config for: stage, ETHEREUM
Rebalancer: 0x34Df9cD75fA0b4d8fF300AeDf7591f79dFdd61C9
Deploying USDC Liquidity Pool
LiquidityPoolUSDC-V4-7187ffa: 0x626afF63118191b6202636848711c0645AFED94D

Using config for: stage, ETHEREUM
Following tokens will be added to 0x697ECA1cae710FA0348e2173900e6C09b180C35b.
┌─────────┬──────────────────────────────────────────────┬───────────────────┬──────────────────────────────────────────────┐
│ (index) │ InputToken                                   │ Domain            │ OutputToken                                  │
├─────────┼──────────────────────────────────────────────┼───────────────────┼──────────────────────────────────────────────┤
│ 0       │ '0xdAC17F958D2ee523a2206206994597C13D831ec7' │ 'BASE'            │ '0xfde4C96c8593536E31F229EA8f37b2ADa2699bb2' │
│ 1       │ '0xdAC17F958D2ee523a2206206994597C13D831ec7' │ 'POLYGON_MAINNET' │ '0xc2132D05D31c914a87C6611C10748AEb04B58e8F' │
│ 2       │ '0xdAC17F958D2ee523a2206206994597C13D831ec7' │ 'UNICHAIN'        │ '0x9151434b16b9763660705744891fA906F660EcC5' │
└─────────┴──────────────────────────────────────────────┴───────────────────┴──────────────────────────────────────────────┘
Done.

Using config for: stage, ETHEREUM
The onchain configuration is:
┌─────────┬──────────────────────────────────────────────┬────────────────┬──────────────────────────────┬───────────────────┐
│ (index) │ Pool                                         │ Domain         │ Provider                     │ SupportsAllTokens │
├─────────┼──────────────────────────────────────────────┼────────────────┼──────────────────────────────┼───────────────────┤
│ 0       │ '0x072AFfAa29E812A9F680ba1266a9c61Ac10d3853' │ 'ARBITRUM_ONE' │ 'ACROSS'                     │ true              │
│ 1       │ '0x072AFfAa29E812A9F680ba1266a9c61Ac10d3853' │ 'ARBITRUM_ONE' │ 'CCTP'                       │ true              │
│ 2       │ '0x072AFfAa29E812A9F680ba1266a9c61Ac10d3853' │ 'ARBITRUM_ONE' │ 'EVERCLEAR'                  │ true              │
│ 3       │ '0x4e13849d29a9a7A200196DC16722ddeb67b6e769' │ 'ARBITRUM_ONE' │ 'ACROSS'                     │ true              │
│ 4       │ '0x4e13849d29a9a7A200196DC16722ddeb67b6e769' │ 'ARBITRUM_ONE' │ 'CCTP'                       │ true              │
│ 5       │ '0x4e13849d29a9a7A200196DC16722ddeb67b6e769' │ 'ARBITRUM_ONE' │ 'EVERCLEAR'                  │ true              │
│ 6       │ '0x4e13849d29a9a7A200196DC16722ddeb67b6e769' │ 'BASE'         │ 'ACROSS'                     │ true              │
│ 7       │ '0x4e13849d29a9a7A200196DC16722ddeb67b6e769' │ 'BASE'         │ 'CCTP'                       │ true              │
│ 8       │ '0x4e13849d29a9a7A200196DC16722ddeb67b6e769' │ 'BASE'         │ 'EVERCLEAR'                  │ true              │
│ 9       │ '0x4e13849d29a9a7A200196DC16722ddeb67b6e769' │ 'BASE'         │ 'SUPERCHAIN_STANDARD_BRIDGE' │ true              │
│ 10      │ '0x4e13849d29a9a7A200196DC16722ddeb67b6e769' │ 'OP_MAINNET'   │ 'ACROSS'                     │ true              │
│ 11      │ '0x4e13849d29a9a7A200196DC16722ddeb67b6e769' │ 'OP_MAINNET'   │ 'CCTP'                       │ true              │
│ 12      │ '0x4e13849d29a9a7A200196DC16722ddeb67b6e769' │ 'OP_MAINNET'   │ 'EVERCLEAR'                  │ true              │
│ 13      │ '0x4e13849d29a9a7A200196DC16722ddeb67b6e769' │ 'OP_MAINNET'   │ 'SUPERCHAIN_STANDARD_BRIDGE' │ true              │
│ 14      │ '0x578aD20ec27E11B3772F91cc6f435d782cc362EA' │ 'BASE'         │ 'ACROSS'                     │ false             │
│ 15      │ '0x578aD20ec27E11B3772F91cc6f435d782cc362EA' │ 'BASE'         │ 'CCTP'                       │ false             │
│ 16      │ '0x578aD20ec27E11B3772F91cc6f435d782cc362EA' │ 'BASE'         │ 'EVERCLEAR'                  │ false             │
│ 17      │ '0x626afF63118191b6202636848711c0645AFED94D' │ 'ARBITRUM_ONE' │ 'ACROSS'                     │ false             │
│ 18      │ '0x626afF63118191b6202636848711c0645AFED94D' │ 'ARBITRUM_ONE' │ 'CCTP'                       │ false             │
│ 19      │ '0x626afF63118191b6202636848711c0645AFED94D' │ 'ARBITRUM_ONE' │ 'EVERCLEAR'                  │ false             │
│ 20      │ '0x626afF63118191b6202636848711c0645AFED94D' │ 'BASE'         │ 'ACROSS'                     │ false             │
│ 21      │ '0x626afF63118191b6202636848711c0645AFED94D' │ 'BASE'         │ 'CCTP'                       │ false             │
│ 22      │ '0x626afF63118191b6202636848711c0645AFED94D' │ 'BASE'         │ 'EVERCLEAR'                  │ false             │
│ 23      │ '0x626afF63118191b6202636848711c0645AFED94D' │ 'BASE'         │ 'SUPERCHAIN_STANDARD_BRIDGE' │ false             │
│ 24      │ '0x626afF63118191b6202636848711c0645AFED94D' │ 'ETHEREUM'     │ 'LOCAL'                      │ false             │
│ 25      │ '0x626afF63118191b6202636848711c0645AFED94D' │ 'OP_MAINNET'   │ 'ACROSS'                     │ false             │
│ 26      │ '0x626afF63118191b6202636848711c0645AFED94D' │ 'OP_MAINNET'   │ 'CCTP'                       │ false             │
│ 27      │ '0x626afF63118191b6202636848711c0645AFED94D' │ 'OP_MAINNET'   │ 'EVERCLEAR'                  │ false             │
│ 28      │ '0x626afF63118191b6202636848711c0645AFED94D' │ 'OP_MAINNET'   │ 'SUPERCHAIN_STANDARD_BRIDGE' │ false             │
└─────────┴──────────────────────────────────────────────┴────────────────┴──────────────────────────────┴───────────────────┘
The updated configuration should be:
┌─────────┬──────────────────────────────────────────────┬────────────────┬──────────────────────────────┬───────────────────┐
│ (index) │ Pool                                         │ Domain         │ Provider                     │ SupportsAllTokens │
├─────────┼──────────────────────────────────────────────┼────────────────┼──────────────────────────────┼───────────────────┤
│ 0       │ '0x072AFfAa29E812A9F680ba1266a9c61Ac10d3853' │ 'ARBITRUM_ONE' │ 'ACROSS'                     │ true              │
│ 1       │ '0x072AFfAa29E812A9F680ba1266a9c61Ac10d3853' │ 'ARBITRUM_ONE' │ 'ARBITRUM_GATEWAY'           │ true              │
│ 2       │ '0x072AFfAa29E812A9F680ba1266a9c61Ac10d3853' │ 'ARBITRUM_ONE' │ 'CCTP'                       │ true              │
│ 3       │ '0x072AFfAa29E812A9F680ba1266a9c61Ac10d3853' │ 'ARBITRUM_ONE' │ 'EVERCLEAR'                  │ true              │
│ 4       │ '0x4e13849d29a9a7A200196DC16722ddeb67b6e769' │ 'ARBITRUM_ONE' │ 'ACROSS'                     │ true              │
│ 5       │ '0x4e13849d29a9a7A200196DC16722ddeb67b6e769' │ 'ARBITRUM_ONE' │ 'ARBITRUM_GATEWAY'           │ true              │
│ 6       │ '0x4e13849d29a9a7A200196DC16722ddeb67b6e769' │ 'ARBITRUM_ONE' │ 'CCTP'                       │ true              │
│ 7       │ '0x4e13849d29a9a7A200196DC16722ddeb67b6e769' │ 'ARBITRUM_ONE' │ 'EVERCLEAR'                  │ true              │
│ 8       │ '0x4e13849d29a9a7A200196DC16722ddeb67b6e769' │ 'BASE'         │ 'ACROSS'                     │ true              │
│ 9       │ '0x4e13849d29a9a7A200196DC16722ddeb67b6e769' │ 'BASE'         │ 'CCTP'                       │ true              │
│ 10      │ '0x4e13849d29a9a7A200196DC16722ddeb67b6e769' │ 'BASE'         │ 'EVERCLEAR'                  │ true              │
│ 11      │ '0x4e13849d29a9a7A200196DC16722ddeb67b6e769' │ 'BASE'         │ 'SUPERCHAIN_STANDARD_BRIDGE' │ true              │
│ 12      │ '0x4e13849d29a9a7A200196DC16722ddeb67b6e769' │ 'OP_MAINNET'   │ 'ACROSS'                     │ true              │
│ 13      │ '0x4e13849d29a9a7A200196DC16722ddeb67b6e769' │ 'OP_MAINNET'   │ 'CCTP'                       │ true              │
│ 14      │ '0x4e13849d29a9a7A200196DC16722ddeb67b6e769' │ 'OP_MAINNET'   │ 'EVERCLEAR'                  │ true              │
│ 15      │ '0x4e13849d29a9a7A200196DC16722ddeb67b6e769' │ 'OP_MAINNET'   │ 'SUPERCHAIN_STANDARD_BRIDGE' │ true              │
│ 16      │ '0x578aD20ec27E11B3772F91cc6f435d782cc362EA' │ 'BASE'         │ 'ACROSS'                     │ false             │
│ 17      │ '0x578aD20ec27E11B3772F91cc6f435d782cc362EA' │ 'BASE'         │ 'CCTP'                       │ false             │
│ 18      │ '0x578aD20ec27E11B3772F91cc6f435d782cc362EA' │ 'BASE'         │ 'EVERCLEAR'                  │ false             │
│ 19      │ '0x578aD20ec27E11B3772F91cc6f435d782cc362EA' │ 'BASE'         │ 'SUPERCHAIN_STANDARD_BRIDGE' │ false             │
│ 20      │ '0x626afF63118191b6202636848711c0645AFED94D' │ 'ARBITRUM_ONE' │ 'ACROSS'                     │ false             │
│ 21      │ '0x626afF63118191b6202636848711c0645AFED94D' │ 'ARBITRUM_ONE' │ 'ARBITRUM_GATEWAY'           │ false             │
│ 22      │ '0x626afF63118191b6202636848711c0645AFED94D' │ 'ARBITRUM_ONE' │ 'CCTP'                       │ false             │
│ 23      │ '0x626afF63118191b6202636848711c0645AFED94D' │ 'ARBITRUM_ONE' │ 'EVERCLEAR'                  │ false             │
│ 24      │ '0x626afF63118191b6202636848711c0645AFED94D' │ 'BASE'         │ 'ACROSS'                     │ false             │
│ 25      │ '0x626afF63118191b6202636848711c0645AFED94D' │ 'BASE'         │ 'CCTP'                       │ false             │
│ 26      │ '0x626afF63118191b6202636848711c0645AFED94D' │ 'BASE'         │ 'EVERCLEAR'                  │ false             │
│ 27      │ '0x626afF63118191b6202636848711c0645AFED94D' │ 'BASE'         │ 'SUPERCHAIN_STANDARD_BRIDGE' │ false             │
│ 28      │ '0x626afF63118191b6202636848711c0645AFED94D' │ 'ETHEREUM'     │ 'LOCAL'                      │ false             │
│ 29      │ '0x626afF63118191b6202636848711c0645AFED94D' │ 'OP_MAINNET'   │ 'ACROSS'                     │ false             │
│ 30      │ '0x626afF63118191b6202636848711c0645AFED94D' │ 'OP_MAINNET'   │ 'CCTP'                       │ false             │
│ 31      │ '0x626afF63118191b6202636848711c0645AFED94D' │ 'OP_MAINNET'   │ 'EVERCLEAR'                  │ false             │
│ 32      │ '0x626afF63118191b6202636848711c0645AFED94D' │ 'OP_MAINNET'   │ 'SUPERCHAIN_STANDARD_BRIDGE' │ false             │
└─────────┴──────────────────────────────────────────────┴────────────────┴──────────────────────────────┴───────────────────┘
There are no excess routes to deny.
Following routes are now allowed on 0x697ECA1cae710FA0348e2173900e6C09b180C35b.
┌─────────┬──────────────────────────────────────────────┬────────────────┬──────────────────────────────┬───────────────────┐
│ (index) │ Pool                                         │ Domain         │ Provider                     │ SupportsAllTokens │
├─────────┼──────────────────────────────────────────────┼────────────────┼──────────────────────────────┼───────────────────┤
│ 0       │ '0x072AFfAa29E812A9F680ba1266a9c61Ac10d3853' │ 'ARBITRUM_ONE' │ 'ARBITRUM_GATEWAY'           │ true              │
│ 1       │ '0x4e13849d29a9a7A200196DC16722ddeb67b6e769' │ 'ARBITRUM_ONE' │ 'ARBITRUM_GATEWAY'           │ true              │
│ 2       │ '0x578aD20ec27E11B3772F91cc6f435d782cc362EA' │ 'BASE'         │ 'SUPERCHAIN_STANDARD_BRIDGE' │ false             │
│ 3       │ '0x626afF63118191b6202636848711c0645AFED94D' │ 'ARBITRUM_ONE' │ 'ARBITRUM_GATEWAY'           │ false             │
└─────────┴──────────────────────────────────────────────┴────────────────┴──────────────────────────────┴───────────────────┘

Using config for: stage, ETHEREUM
Following tokens will be added to 0x697ECA1cae710FA0348e2173900e6C09b180C35b.
┌─────────┬──────────────────────────────────────────────┬────────────────┬──────────────────────────────────────────────┬──────────────┐
│ (index) │ InputToken                                   │ Domain         │ OutputToken                                  │ DecimalsDiff │
├─────────┼──────────────────────────────────────────────┼────────────────┼──────────────────────────────────────────────┼──────────────┤
│ 0       │ '0xA0b86991c6218b36c1d19D4a2e9Eb0cE3606eB48' │ 'BSC'          │ '0x8AC76a51cc950d9822D68b83fE1Ad97B32Cd580d' │ -12          │
│ 1       │ '0xA0b86991c6218b36c1d19D4a2e9Eb0cE3606eB48' │ 'GNOSIS_CHAIN' │ '0x2a22f9c3b484c3629090FeED35F17Ff8F88f76F0' │ 0            │
│ 2       │ '0xdAC17F958D2ee523a2206206994597C13D831ec7' │ 'BSC'          │ '0x55d398326f99059fF775485246999027B3197955' │ -12          │
│ 3       │ '0xdAC17F958D2ee523a2206206994597C13D831ec7' │ 'GNOSIS_CHAIN' │ '0x4ECaBa5870353805a9F068101A40E0f32ed605C6' │ 0            │
│ 4       │ '0x6B175474E89094C44Da98b954EedeAC495271d0F' │ 'GNOSIS_CHAIN' │ '0xe91D153E0b41518A2Ce8Dd3D7944Fa863463a97d' │ 0            │
│ 5       │ '0xC02aaA39b223FE8D0A0e5C4F27eAD9083C756Cc2' │ 'BSC'          │ '0x2170Ed0880ac9A755fd29B2688956BD959F933F8' │ 0            │
│ 6       │ '0xC02aaA39b223FE8D0A0e5C4F27eAD9083C756Cc2' │ 'GNOSIS_CHAIN' │ '0x6A023CCd1ff6F2045C3309768eAd9E68F978f6e1' │ 0            │
│ 7       │ '0x2260FAC5E5542a773Aa44fBCfeDf7C193bc2C599' │ 'BSC'          │ '0x7130d2A12B9BCbFAe4f2634d864A1Ee1Ce3Ead9c' │ -10          │
└─────────┴──────────────────────────────────────────────┴────────────────┴──────────────────────────────────────────────┴──────────────┘
Done.

Deployment ID: MVP
Deploying USDC Processor
Using config for: stage, ETHEREUM
Deployer        : 0xdBD91aD22bE5304e385b7b0A2Cfe91164e416e11
DEPLOYER_ADDRESS: 0xdBD91aD22bE5304e385b7b0A2Cfe91164e416e11
┌───────────────┬──────────────────────────────────────────────┐
│ (index)       │ Values                                       │
├───────────────┼──────────────────────────────────────────────┤
│ Repayer       │ '0x71BB896f9a45a80D835268F8B69F8395321F4fd0' │
│ Target        │ '0xA0b86991c6218b36c1d19D4a2e9Eb0cE3606eB48' │
│ RepayerCaller │ '0xc1d6EEa5ce163d7D9f1952Db220830Aae16Cb607' │
└───────────────┴──────────────────────────────────────────────┘
Processor: 0x804C106cF3e7cbda2D48e35124C045410dfeF67e
ProcessorProxyAdmin: 0xCBD79ba7Ab7CEa07Ce1Bb292d70a511a2908e077
Granting DEFAULT_ADMIN_ROLE to Admin: 0x2D5B6C193C39D2AECb4a99052074E6F325258a0f
Granting DEFAULT_ADMIN_ROLE to Ops Admin: 0x2D5B6C193C39D2AECb4a99052074E6F325258a0f
Renouncing DEFAULT_ADMIN_ROLE for deployer: 0xdBD91aD22bE5304e385b7b0A2Cfe91164e416e11

Safe 0xA8eeA59b4A17CE2689E57B4dE9e825FD25705414: verified 0xdeC18ca09f163C841Fc3d44237bfD0EBbC8414dE as owner.
Deployment ID: MVP
Upgrade ID: SUB_PROCESSOR
Upgrading Processor
Using config for: stage, ETHEREUM
Deployer        : 0xdeC18ca09f163C841Fc3d44237bfD0EBbC8414dE
DEPLOYER_ADDRESS: 0xdBD91aD22bE5304e385b7b0A2Cfe91164e416e11
New Processor implementation deployed to 0x1603813Ff9631FE1767EF5710117bED4db62B0D2
Sending Processor upgrade transaction.
Transaction proposed to Safe 0xA8eeA59b4A17CE2689E57B4dE9e825FD25705414. Safe TX hash: 0x98b99255cdddbef9132b1dc68e2151687e8597bef9cf1961aad1313fb9b79231
Threshold met (1/1). Executing on-chain...
Executed. On-chain TX hash: 0x55b4f7446bf690d580f4e0b277fddd439b1aebbbf3de2670ea03694da4792ecd
0x55b4f7446bf690d580f4e0b277fddd439b1aebbbf3de2670ea03694da4792ecd
Processor upgraded.
SubProcessor not yet initialized. Calling initializeSubProcessor()...
Transaction proposed to Safe 0xA8eeA59b4A17CE2689E57B4dE9e825FD25705414. Safe TX hash: 0xad163eae5df0893cb2604513f9766228b0dc21fc409dc0bcab81926698317eb7
Threshold met (1/1). Executing on-chain...
Executed. On-chain TX hash: 0xbde3376513531b22ff940b0fe6f8a761df9d2fbb9a2b787e4b9340b67f516d5c
initializeSubProcessor tx: 0xbde3376513531b22ff940b0fe6f8a761df9d2fbb9a2b787e4b9340b67f516d5c
SubProcessor deployed at: 0x950b625fe252970fE8059B00A4Ca1bc2AE28FED0
Granting CONFIG_ROLE to 0xA8eeA59b4A17CE2689E57B4dE9e825FD25705414...
Transaction proposed to Safe 0xA8eeA59b4A17CE2689E57B4dE9e825FD25705414. Safe TX hash: 0xd33de65bfb0802723c3567afb3d9192b771cc545412bff94a2d840a72220794a
Threshold met (1/1). Executing on-chain...
Executed. On-chain TX hash: 0xdc21e5953d3b9dd9c7f46af3e52c157c1d4a42c88c6bd789586aeef4572ee22d
grantRole tx: 0xdc21e5953d3b9dd9c7f46af3e52c157c1d4a42c88c6bd789586aeef4572ee22d
CONFIG_ROLE granted to 0xA8eeA59b4A17CE2689E57B4dE9e825FD25705414
SubProcessor: 0x950b625fe252970fE8059B00A4Ca1bc2AE28FED0

Deployment ID: MVP
Upgrade ID: FIX_PROCESSOR
Upgrading Processor
Using config for: stage, ETHEREUM
Deployer        : 0xdeC18ca09f163C841Fc3d44237bfD0EBbC8414dE
DEPLOYER_ADDRESS: 0xdBD91aD22bE5304e385b7b0A2Cfe91164e416e11
Repayer: 0x697ECA1cae710FA0348e2173900e6C09b180C35b
New Processor implementation deployed to 0x1f96A9E7b90d7D3cd99688bfF426BB0625C3b12D
Sending Processor upgrade transaction.
Transaction proposed to Safe 0xA8eeA59b4A17CE2689E57B4dE9e825FD25705414. Safe TX hash: 0x36de3666c8e3046918499fe7b241a7b1a230b1cf55e230bb2dfdb3abad8cd1ff
Threshold met (1/1). Executing on-chain...
Executed. On-chain TX hash: 0x2dd26b1317ff452399931437644a4c3ad2f4c7219b654dadc13886185d4a5d57
0x2dd26b1317ff452399931437644a4c3ad2f4c7219b654dadc13886185d4a5d57
Processor upgraded.

Safe 0xA8eeA59b4A17CE2689E57B4dE9e825FD25705414: verified 0xdeC18ca09f163C841Fc3d44237bfD0EBbC8414dE as owner.
Deployment ID: MVP
Upgrade ID: REPAYER_TO_SELF
Upgrading Repayer
Using config for: stage, ETHEREUM
Deployer        : 0xdeC18ca09f163C841Fc3d44237bfD0EBbC8414dE
DEPLOYER_ADDRESS: 0xdBD91aD22bE5304e385b7b0A2Cfe91164e416e11
New Repayer implementation deployed to 0xa11a51185D9406ADe8B7D05166f30B31C88Ec57c
Sending Repayer upgrade transaction.
Transaction proposed to Safe 0xA8eeA59b4A17CE2689E57B4dE9e825FD25705414. Safe TX hash: 0x0235e030bc32860a3dde875eef8449d0e8ea690887853220287cddf80b72b3d0
Threshold met (1/1). Executing on-chain...
Executed. On-chain TX hash: 0x492e160413bd2210f48d00e28e1e69461e9278023c24d5eaad274bc5b6e028f4
0x492e160413bd2210f48d00e28e1e69461e9278023c24d5eaad274bc5b6e028f4
Repayer upgraded.

Deployment ID: MVP
Deploying Aave USDC Pool
Using config for: stage, ETHEREUM
Deployer        : 0xdBD91aD22bE5304e385b7b0A2Cfe91164e416e11
DEPLOYER_ADDRESS: 0xdBD91aD22bE5304e385b7b0A2Cfe91164e416e11
Rebalancer: 0x34Df9cD75fA0b4d8fF300AeDf7591f79dFdd61C9
Deploying Aave USDC Liquidity Pool
LiquidityPoolAaveUSDC: 0xd73abd244837256B0F0ADCF5417950984B9964F8
LiquidityPoolAaveUSDCProxyAdmin: 0x98b9644DB5144104C898b8fecfff3d5ae6a10705
Access control setup complete.
Remember to update Rebalancer and Repayer routes in the config and then onchain.

Deployment ID: MVP
Deploying PaxosOracle
Using config for: stage, ETHEREUM
Deployer        : 0xdBD91aD22bE5304e385b7b0A2Cfe91164e416e11
DEPLOYER_ADDRESS: 0xdBD91aD22bE5304e385b7b0A2Cfe91164e416e11
USDC: 0xA0b86991c6218b36c1d19D4a2e9Eb0cE3606eB48
Paxos stablecoins (1:1 to USDC): 0xe343167631d89B6Ffc58B88d6b7fB0228795491D, 0x6c3ea9036406852006290770BEdFcAbA0e23A0e8
PaxosOracle: 0x4666013984fD7a624aa8BFADD0E95456870dADEc

=== Deployed without Oracle ===
Deployment ID: MVP
Deploying USDG Processor
Using config for: stage, ETHEREUM
Deployer        : 0xdBD91aD22bE5304e385b7b0A2Cfe91164e416e11
DEPLOYER_ADDRESS: 0xdBD91aD22bE5304e385b7b0A2Cfe91164e416e11
┌───────────────┬──────────────────────────────────────────────┐
│ (index)       │ Values                                       │
├───────────────┼──────────────────────────────────────────────┤
│ Processor     │ 'ProcessorUSDG'                              │
│ Token         │ 'USDG'                                       │
│ TokenAddress  │ '0xe343167631d89B6Ffc58B88d6b7fB0228795491D' │
│ Repayer       │ '0x697ECA1cae710FA0348e2173900e6C09b180C35b' │
│ RepayerCaller │ '0xc1d6EEa5ce163d7D9f1952Db220830Aae16Cb607' │
└───────────────┴──────────────────────────────────────────────┘
ProcessorUSDG: 0x8b8eB971638acb18509CC96D783A2cBD0F70448C
ProcessorUSDGProxyAdmin: 0x61871537a15e60Acf36b6Fc150E374d0007153AA
SubProcessor: 0x1Ebd515C5ECF0Fe2c538234d05e0f93Afc58D67C

=== Deployed without Oracle ===
Deployment ID: MVP
Deploying PYUSD Processor
Using config for: stage, ETHEREUM
Deployer        : 0xdBD91aD22bE5304e385b7b0A2Cfe91164e416e11
DEPLOYER_ADDRESS: 0xdBD91aD22bE5304e385b7b0A2Cfe91164e416e11
┌───────────────┬──────────────────────────────────────────────┐
│ (index)       │ Values                                       │
├───────────────┼──────────────────────────────────────────────┤
│ Processor     │ 'ProcessorPYUSD'                             │
│ Token         │ 'PYUSD'                                      │
│ TokenAddress  │ '0x6c3ea9036406852006290770BEdFcAbA0e23A0e8' │
│ Repayer       │ '0x697ECA1cae710FA0348e2173900e6C09b180C35b' │
│ RepayerCaller │ '0xc1d6EEa5ce163d7D9f1952Db220830Aae16Cb607' │
└───────────────┴──────────────────────────────────────────────┘
ProcessorPYUSD: 0xcE0774BD8B0F8eC3dE44aFdEE900C3eAef56cd18
ProcessorPYUSDProxyAdmin: 0x22DD395D9cd5Eb8FeF3D1Fb6428d252f39B09203
SubProcessor: 0xDAdB6fBdE7985e6CA26A2cc5E2241B205bCCFf5D

Deployment ID: MVP
Deploying StashDex
Using config for: stage, ETHEREUM
Deployer        : 0xdBD91aD22bE5304e385b7b0A2Cfe91164e416e11
DEPLOYER_ADDRESS: 0xdBD91aD22bE5304e385b7b0A2Cfe91164e416e11
StashDex: 0x125Bf891F832c3A1422E24f4Ca7ef314c0858740
StashDexProxyAdmin: 0x4CC70A265EE668c3985Cf48f30bA5EC97c1024b1
InitialPools:
┌─────────┬───────────┬────────────────────────────────────────────────────┬──────────────────────────────────────────────┬──────────────────────────────────────────────┐
│ (index) │ TokenName │ PoolId                                             │ Token                                        │ Pool                                         │
├─────────┼───────────┼────────────────────────────────────────────────────┼──────────────────────────────────────────────┼──────────────────────────────────────────────┤
│ 0       │ 'USDC'    │ 'TransparentUpgradeableProxyLiquidityPoolAaveUSDC' │ '0xA0b86991c6218b36c1d19D4a2e9Eb0cE3606eB48' │ '0xd73abd244837256B0F0ADCF5417950984B9964F8' │
│ 1       │ 'PYUSD'   │ 'TransparentUpgradeableProxyLiquidityPoolAaveUSDC' │ '0x6c3ea9036406852006290770BEdFcAbA0e23A0e8' │ '0xd73abd244837256B0F0ADCF5417950984B9964F8' │
│ 2       │ 'USDG'    │ 'TransparentUpgradeableProxyLiquidityPoolAaveUSDC' │ '0xe343167631d89B6Ffc58B88d6b7fB0228795491D' │ '0xd73abd244837256B0F0ADCF5417950984B9964F8' │
└─────────┴───────────┴────────────────────────────────────────────────────┴──────────────────────────────────────────────┴──────────────────────────────────────────────┘
InitialRoutes:
┌─────────┬──────────────────────────────────────────────┬──────────────────────────────────────────────┬────────┬──────────────────────────────────────────────┐
│ (index) │ tokenIn                                      │ tokenOut                                     │ feeBps │ processor                                    │
├─────────┼──────────────────────────────────────────────┼──────────────────────────────────────────────┼────────┼──────────────────────────────────────────────┤
│ 0       │ '0xA0b86991c6218b36c1d19D4a2e9Eb0cE3606eB48' │ '0x6c3ea9036406852006290770BEdFcAbA0e23A0e8' │ 3      │ '0xcE0774BD8B0F8eC3dE44aFdEE900C3eAef56cd18' │
│ 1       │ '0x6c3ea9036406852006290770BEdFcAbA0e23A0e8' │ '0xA0b86991c6218b36c1d19D4a2e9Eb0cE3606eB48' │ 3      │ '0x804C106cF3e7cbda2D48e35124C045410dfeF67e' │
│ 2       │ '0xA0b86991c6218b36c1d19D4a2e9Eb0cE3606eB48' │ '0xe343167631d89B6Ffc58B88d6b7fB0228795491D' │ 3      │ '0x8b8eB971638acb18509CC96D783A2cBD0F70448C' │
│ 3       │ '0xe343167631d89B6Ffc58B88d6b7fB0228795491D' │ '0xA0b86991c6218b36c1d19D4a2e9Eb0cE3606eB48' │ 3      │ '0x804C106cF3e7cbda2D48e35124C045410dfeF67e' │
│ 4       │ '0xe343167631d89B6Ffc58B88d6b7fB0228795491D' │ '0x6c3ea9036406852006290770BEdFcAbA0e23A0e8' │ 3      │ '0xcE0774BD8B0F8eC3dE44aFdEE900C3eAef56cd18' │
│ 5       │ '0x6c3ea9036406852006290770BEdFcAbA0e23A0e8' │ '0xe343167631d89B6Ffc58B88d6b7fB0228795491D' │ 3      │ '0x8b8eB971638acb18509CC96D783A2cBD0F70448C' │
└─────────┴──────────────────────────────────────────────┴──────────────────────────────────────────────┴────────┴──────────────────────────────────────────────┘

Deployment ID: MVP
Deploying USDC StashDex Processor
Using config for: stage, ETHEREUM
Deployer        : 0xdBD91aD22bE5304e385b7b0A2Cfe91164e416e11
DEPLOYER_ADDRESS: 0xdBD91aD22bE5304e385b7b0A2Cfe91164e416e11
┌──────────┬────────────────────────────────────────────────────┐
│ (index)  │ Values                                             │
├──────────┼────────────────────────────────────────────────────┤
│ StashDex │ '0x125Bf891F832c3A1422E24f4Ca7ef314c0858740'       │
│ Oracle   │ '0x4666013984fD7a624aa8BFADD0E95456870dADEc'       │
│ Token    │ '0xA0b86991c6218b36c1d19D4a2e9Eb0cE3606eB48'       │
│ Caller   │ '0xc1d6EEa5ce163d7D9f1952Db220830Aae16Cb607'       │
│ Id       │ 'TransparentUpgradeableProxyStashDexProcessorUSDC' │
└──────────┴────────────────────────────────────────────────────┘
StashDexProcessorUSDC: 0xF278c2A62EfcF3b6C39D7235F4BbA2Fcb5e64901
StashDexProcessorUSDC ProxyAdmin: 0x33d638aFD3dF11fCa6c3d7c378eDA794c939DCc8
StashDexSubProcessorUSDC: 0x13FDAde562889BF0D12Da61F9f13d43a798a19ce

Deployment ID: MVP
Deploying USDG StashDex Processor
Using config for: stage, ETHEREUM
Deployer        : 0xdBD91aD22bE5304e385b7b0A2Cfe91164e416e11
DEPLOYER_ADDRESS: 0xdBD91aD22bE5304e385b7b0A2Cfe91164e416e11
┌──────────┬────────────────────────────────────────────────────┐
│ (index)  │ Values                                             │
├──────────┼────────────────────────────────────────────────────┤
│ StashDex │ '0x125Bf891F832c3A1422E24f4Ca7ef314c0858740'       │
│ Oracle   │ '0x4666013984fD7a624aa8BFADD0E95456870dADEc'       │
│ Token    │ '0xe343167631d89B6Ffc58B88d6b7fB0228795491D'       │
│ Caller   │ '0xc1d6EEa5ce163d7D9f1952Db220830Aae16Cb607'       │
│ Id       │ 'TransparentUpgradeableProxyStashDexProcessorUSDG' │
└──────────┴────────────────────────────────────────────────────┘
StashDexProcessorUSDG: 0xAB181d2543d91d21768087c9d6792A82184110A4
StashDexProcessorUSDG ProxyAdmin: 0x206018c2b039D89A5FB76D0240e9825A86398EcC
StashDexSubProcessorUSDG: 0xd5C5cF03E25BFeC2c16b7e6F7a695c17d815A385

Deployment ID: MVP
Deploying USDT StashDex Processor
Using config for: stage, ETHEREUM
Deployer        : 0xdBD91aD22bE5304e385b7b0A2Cfe91164e416e11
DEPLOYER_ADDRESS: 0xdBD91aD22bE5304e385b7b0A2Cfe91164e416e11
┌──────────┬────────────────────────────────────────────────────┐
│ (index)  │ Values                                             │
├──────────┼────────────────────────────────────────────────────┤
│ StashDex │ '0x125Bf891F832c3A1422E24f4Ca7ef314c0858740'       │
│ Oracle   │ '0x4666013984fD7a624aa8BFADD0E95456870dADEc'       │
│ Token    │ '0xdAC17F958D2ee523a2206206994597C13D831ec7'       │
│ Caller   │ '0xc1d6EEa5ce163d7D9f1952Db220830Aae16Cb607'       │
│ Id       │ 'TransparentUpgradeableProxyStashDexProcessorUSDT' │
└──────────┴────────────────────────────────────────────────────┘
StashDexProcessorUSDT: 0xA0cE5326f2144804E75a72108231D56DE63ba0c5
StashDexProcessorUSDT ProxyAdmin: 0x26C5790f042f41F4CE91c99832d2194377ae2874
StashDexSubProcessorUSDT: 0x3563578Ad362B43e649c53a0aB7e2bae37e3c577

Deployment ID: MVP
Deploying PYUSD StashDex Processor
Using config for: stage, ETHEREUM
Deployer        : 0xdBD91aD22bE5304e385b7b0A2Cfe91164e416e11
DEPLOYER_ADDRESS: 0xdBD91aD22bE5304e385b7b0A2Cfe91164e416e11
┌──────────┬─────────────────────────────────────────────────────┐
│ (index)  │ Values                                              │
├──────────┼─────────────────────────────────────────────────────┤
│ StashDex │ '0x125Bf891F832c3A1422E24f4Ca7ef314c0858740'        │
│ Oracle   │ '0x4666013984fD7a624aa8BFADD0E95456870dADEc'        │
│ Token    │ '0x6c3ea9036406852006290770BEdFcAbA0e23A0e8'        │
│ Caller   │ '0xc1d6EEa5ce163d7D9f1952Db220830Aae16Cb607'        │
│ Id       │ 'TransparentUpgradeableProxyStashDexProcessorPYUSD' │
└──────────┴─────────────────────────────────────────────────────┘
StashDexProcessorPYUSD: 0xa88Ca4702797BE89b0E4D2Fa0180477352cca250
StashDexProcessorPYUSD ProxyAdmin: 0x18666E82921eb22027934182A69721415C566fE6
StashDexSubProcessorPYUSD: 0x7D29DEe0bd6Dc850Ae282938A38534F1115A0796

DEPLOY_TYPE=STAGE hardhat update-stashdex-routes --network ETHEREUM
No excess routes to disable.
Set routes:
┌─────────┬──────────────────────────────────────────────┬──────────────────────────────────────────────┬────────┬──────────────────────────────────────────────┐
│ (index) │ TokenIn                                      │ TokenOut                                     │ FeeBps │ Processor                                    │
├─────────┼──────────────────────────────────────────────┼──────────────────────────────────────────────┼────────┼──────────────────────────────────────────────┤
│ 0       │ '0xA0b86991c6218b36c1d19D4a2e9Eb0cE3606eB48' │ '0x6c3ea9036406852006290770BEdFcAbA0e23A0e8' │ 3      │ '0xa88Ca4702797BE89b0E4D2Fa0180477352cca250' │
│ 1       │ '0x6c3ea9036406852006290770BEdFcAbA0e23A0e8' │ '0xA0b86991c6218b36c1d19D4a2e9Eb0cE3606eB48' │ 3      │ '0xF278c2A62EfcF3b6C39D7235F4BbA2Fcb5e64901' │
│ 2       │ '0xA0b86991c6218b36c1d19D4a2e9Eb0cE3606eB48' │ '0xe343167631d89B6Ffc58B88d6b7fB0228795491D' │ 3      │ '0xAB181d2543d91d21768087c9d6792A82184110A4' │
│ 3       │ '0xe343167631d89B6Ffc58B88d6b7fB0228795491D' │ '0xA0b86991c6218b36c1d19D4a2e9Eb0cE3606eB48' │ 3      │ '0xF278c2A62EfcF3b6C39D7235F4BbA2Fcb5e64901' │
│ 4       │ '0xe343167631d89B6Ffc58B88d6b7fB0228795491D' │ '0x6c3ea9036406852006290770BEdFcAbA0e23A0e8' │ 3      │ '0xa88Ca4702797BE89b0E4D2Fa0180477352cca250' │
│ 5       │ '0x6c3ea9036406852006290770BEdFcAbA0e23A0e8' │ '0xe343167631d89B6Ffc58B88d6b7fB0228795491D' │ 3      │ '0xAB181d2543d91d21768087c9d6792A82184110A4' │
│ 6       │ '0xA0b86991c6218b36c1d19D4a2e9Eb0cE3606eB48' │ '0xdAC17F958D2ee523a2206206994597C13D831ec7' │ 3      │ '0xA0cE5326f2144804E75a72108231D56DE63ba0c5' │
│ 7       │ '0xdAC17F958D2ee523a2206206994597C13D831ec7' │ '0xA0b86991c6218b36c1d19D4a2e9Eb0cE3606eB48' │ 3      │ '0xF278c2A62EfcF3b6C39D7235F4BbA2Fcb5e64901' │
│ 8       │ '0xe343167631d89B6Ffc58B88d6b7fB0228795491D' │ '0xdAC17F958D2ee523a2206206994597C13D831ec7' │ 3      │ '0xA0cE5326f2144804E75a72108231D56DE63ba0c5' │
│ 9       │ '0xdAC17F958D2ee523a2206206994597C13D831ec7' │ '0xe343167631d89B6Ffc58B88d6b7fB0228795491D' │ 3      │ '0xAB181d2543d91d21768087c9d6792A82184110A4' │
│ 10      │ '0x6c3ea9036406852006290770BEdFcAbA0e23A0e8' │ '0xdAC17F958D2ee523a2206206994597C13D831ec7' │ 3      │ '0xA0cE5326f2144804E75a72108231D56DE63ba0c5' │
│ 11      │ '0xdAC17F958D2ee523a2206206994597C13D831ec7' │ '0x6c3ea9036406852006290770BEdFcAbA0e23A0e8' │ 3      │ '0xa88Ca4702797BE89b0E4D2Fa0180477352cca250' │
└─────────┴──────────────────────────────────────────────┴──────────────────────────────────────────────┴────────┴──────────────────────────────────────────────┘

DEPLOY_TYPE=STAGE hardhat update-stashdex-pools --network ETHEREUM
Updated pools:
┌─────────┬───────────┬────────────────────────────────────────────────────┬──────────────────────────────────────────────┬──────────────────────────────────────────────┐
│ (index) │ TokenName │ PoolId                                             │ Token                                        │ Pool                                         │
├─────────┼───────────┼────────────────────────────────────────────────────┼──────────────────────────────────────────────┼──────────────────────────────────────────────┤
│ 0       │ 'USDT'    │ 'TransparentUpgradeableProxyLiquidityPoolAaveUSDC' │ '0xdAC17F958D2ee523a2206206994597C13D831ec7' │ '0xd73abd244837256B0F0ADCF5417950984B9964F8' │
└─────────┴───────────┴────────────────────────────────────────────────────┴──────────────────────────────────────────────┴──────────────────────────────────────────────┘

DEPLOY_TYPE=STAGE hardhat update-paxos-oracle-assets --network ETHEREUM
Using config for: stage, ETHEREUM
Safe 0xA8eeA59b4A17CE2689E57B4dE9e825FD25705414: verified 0xdeC18ca09f163C841Fc3d44237bfD0EBbC8414dE as owner.
Added asset: USDC (0xA0b86991c6218b36c1d19D4a2e9Eb0cE3606eB48) 6 decimals
Added asset: USDT (0xdAC17F958D2ee523a2206206994597C13D831ec7) 6 decimals

Safe 0xA8eeA59b4A17CE2689E57B4dE9e825FD25705414: verified 0xdeC18ca09f163C841Fc3d44237bfD0EBbC8414dE as owner.
Deployment ID: MVP
Upgrade ID: STASH_DEX_INTERFACE
Upgrading StashDex
Using config for: stage, ETHEREUM
Deployer        : 0xdeC18ca09f163C841Fc3d44237bfD0EBbC8414dE
DEPLOYER_ADDRESS: 0xdBD91aD22bE5304e385b7b0A2Cfe91164e416e11
StashStablecoinDex proxy: 0x125Bf891F832c3A1422E24f4Ca7ef314c0858740
Oracle: 0x4666013984fD7a624aa8BFADD0E95456870dADEc
Receiver: 0x697ECA1cae710FA0348e2173900e6C09b180C35b
New StashDex implementation deployed to 0x02790659dd9B647ED37DFb4Bbc18CeCCDc5A8068
Sending StashDex upgrade transaction.
Transaction proposed to Safe 0xA8eeA59b4A17CE2689E57B4dE9e825FD25705414. Safe TX hash: 0x573f41a11085b89263fd733b81da52c706ea740b2c2f61420156f1901879e8ab
Threshold met (1/1). Executing on-chain...
Executed. On-chain TX hash: 0xfffdba1d5234084edcb4ae47945f65fa30ab69bfe6b60e41e1bf582ca0ad797b
0xfffdba1d5234084edcb4ae47945f65fa30ab69bfe6b60e41e1bf582ca0ad797b
StashDex upgraded.

Safe 0xA8eeA59b4A17CE2689E57B4dE9e825FD25705414: verified 0xdeC18ca09f163C841Fc3d44237bfD0EBbC8414dE as owner.
Deployment ID: MVP
Upgrade ID: STASHDEX_ORIGIN_GATING
Upgrading StashDex
Using config for: stage, ETHEREUM
Deployer        : 0xdeC18ca09f163C841Fc3d44237bfD0EBbC8414dE
DEPLOYER_ADDRESS: 0xdBD91aD22bE5304e385b7b0A2Cfe91164e416e11
StashStablecoinDex proxy: 0x125Bf891F832c3A1422E24f4Ca7ef314c0858740
Oracle: 0x4666013984fD7a624aa8BFADD0E95456870dADEc
Receiver: 0x697ECA1cae710FA0348e2173900e6C09b180C35b
New StashDex implementation deployed to 0x4eaf3771c7C272e0Ec838E0c01b24E47Cb0E36bf
Sending StashDex upgrade transaction.
Transaction proposed to Safe 0xA8eeA59b4A17CE2689E57B4dE9e825FD25705414. Safe TX hash: 0xbf9b7b577e9f9d4808e62ea67456da7840bcf9303c7c1b71ac730d58b7be30ef
Threshold met (1/1). Executing on-chain...
Executed. On-chain TX hash: 0x7eb0f8ac07936f059b99f383b8e6932517e50e5b1eb911720f9eaf5744801fe1
0x7eb0f8ac07936f059b99f383b8e6932517e50e5b1eb911720f9eaf5744801fe1
StashDex upgraded.
USER_ROLE granted to 0xeEa9b38E8C54B52F7387a46A7C81173065fa5A10
Executed. On-chain TX hash: 0x639ee7cd8d1d5b274ca35df9c9a3b6345cc4c64426a04652f07fa011903e1926

Safe 0xA8eeA59b4A17CE2689E57B4dE9e825FD25705414: verified 0xdeC18ca09f163C841Fc3d44237bfD0EBbC8414dE as owner.
Deployment ID: MVP
Deploying Netter
Using config for: stage, ETHEREUM
Deployer        : 0xdeC18ca09f163C841Fc3d44237bfD0EBbC8414dE
DEPLOYER_ADDRESS: 0xdBD91aD22bE5304e385b7b0A2Cfe91164e416e11
Netter: 0x56257E9a97F9404F2D7c93A04462D2f44766d9e2
Granted CALLER_ROLE to Netter on processors:
┌─────────┬──────────────────────────────────────────────┐
│ (index) │ processor                                    │
├─────────┼──────────────────────────────────────────────┤
│ 0       │ '0xa88Ca4702797BE89b0E4D2Fa0180477352cca250' │
│ 1       │ '0xF278c2A62EfcF3b6C39D7235F4BbA2Fcb5e64901' │
│ 2       │ '0xAB181d2543d91d21768087c9d6792A82184110A4' │
│ 3       │ '0xA0cE5326f2144804E75a72108231D56DE63ba0c5' │
└─────────┴──────────────────────────────────────────────┘
