Deployment ID: MVP
Deploying contracts set
Using config for: STABLE
Deployer        : 0xD44E9811169e0e84363a9c689eEcbBc73ffDfE2b
DEPLOYER_ADDRESS: 0xD44E9811169e0e84363a9c689eEcbBc73ffDfE2b
Using main asset: USDT
Deploying LiquidityPoolUSDT
LiquidityPoolUSDTProxy: 0x74640b53E4e83D2231f81Bfbe46527f70E3991aB
LiquidityPoolUSDTProxyAdmin: 0x869Dd37E784AeeD56AE88FB2F2F7667A8Ba60243
Multicall: 0x7C472EBa1945E970a23C903FC8812D469a29B6bb
Admin: 0x4eA9E682BA79bC403523c9e8D98A05EaF3810636
LiquidityPool Withdraw Profit: 0x83B8D2eAda788943c3e80892f37f9c102271C1D6
LiquidityPool Pauser: 0x83B8D2eAda788943c3e80892f37f9c102271C1D6
MPC Address: 0x3F68D470701522F1c9bb21CF44a33dBFa8E299C2
USDT: 0x779Ded0c9e1022225f8E0630b35a9b54bE713736
Signer Address: 0x83B8D2eAda788943c3e80892f37f9c102271C1D6
RebalancerUSDT: 0x9a9938972A37Fd546Bf72420114bA2E3e41b94f9
RebalancerUSDTProxyAdmin: 0xeb98A7ed19E1aA2E027b19D2bc9671aA7b35835a
RebalancerRoutes:
┌─────────┬──────────────────────────────────────────────┬────────────────┬──────────┐
│ (index) │ Pool                                         │ Domain         │ Provider │
├─────────┼──────────────────────────────────────────────┼────────────────┼──────────┤
│ 0       │ '0xe0cA2791aeB3cd767cEB5217e7f3011e1a2e19D3' │ 'ARBITRUM_ONE' │ 'USDT0'  │
│ 1       │ '0x74640b53E4e83D2231f81Bfbe46527f70E3991aB' │ 'TEMPO'        │ 'USDT0'  │
│ 2       │ '0x74640b53E4e83D2231f81Bfbe46527f70E3991aB' │ 'STABLE'       │ 'LOCAL'  │
└─────────┴──────────────────────────────────────────────┴────────────────┴──────────┘
Repayer: 0x36364Acc7B9c67692CA215af09A41CBd10439511
RepayerProxyAdmin: 0x2B5D04eF6b3279bCdA4B219b02FAF627dA1664CB
RepayerRoutes:
┌─────────┬──────────────────────────────────────────────┬───────────────────┬──────────┬──────────────────────────────────────────────┐
│ (index) │ Pool                                         │ Domain            │ Provider │ OnlySupportedToken                           │
├─────────┼──────────────────────────────────────────────┼───────────────────┼──────────┼──────────────────────────────────────────────┤
│ 0       │ '0x63Ff95c79bF61486c600Eb8aF4CcE4c0a9a4068B' │ 'ETHEREUM'        │ 'USDT0'  │ '0x0000000000000000000000000000000000000000' │
│ 1       │ '0x2022a5600F854cc3218E636239f4DFce9e5357b5' │ 'POLYGON_MAINNET' │ 'USDT0'  │ '0x0000000000000000000000000000000000000000' │
│ 2       │ '0x52D0EE7a870824FC683Ea19C714c7Bd110257788' │ 'ETHEREUM'        │ 'USDT0'  │ '0x0000000000000000000000000000000000000000' │
│ 3       │ '0xe0cA2791aeB3cd767cEB5217e7f3011e1a2e19D3' │ 'ARBITRUM_ONE'    │ 'USDT0'  │ '0x0000000000000000000000000000000000000000' │
│ 4       │ '0x74640b53E4e83D2231f81Bfbe46527f70E3991aB' │ 'TEMPO'           │ 'USDT0'  │ '0x779Ded0c9e1022225f8E0630b35a9b54bE713736' │
│ 5       │ '0x74640b53E4e83D2231f81Bfbe46527f70E3991aB' │ 'STABLE'          │ 'LOCAL'  │ '0x779Ded0c9e1022225f8E0630b35a9b54bE713736' │
└─────────┴──────────────────────────────────────────────┴───────────────────┴──────────┴──────────────────────────────────────────────┘
InputOutputTokens:
┌─────────┬──────────────────────────────────────────────┬───────────────────┬──────────────────────────────────────────────┬──────────────┐
│ (index) │ InputToken                                   │ Domain            │ OutputToken                                  │ DecimalsDiff │
├─────────┼──────────────────────────────────────────────┼───────────────────┼──────────────────────────────────────────────┼──────────────┤
│ 0       │ '0x8a2B28364102Bea189D99A475C494330Ef2bDD0B' │ 'ETHEREUM'        │ '0xA0b86991c6218b36c1d19D4a2e9Eb0cE3606eB48' │ 0            │
│ 1       │ '0x8a2B28364102Bea189D99A475C494330Ef2bDD0B' │ 'AVALANCHE'       │ '0xB97EF9Ef8734C71904D8002F8b6Bc66Dd9c48a6E' │ 0            │
│ 2       │ '0x8a2B28364102Bea189D99A475C494330Ef2bDD0B' │ 'OP_MAINNET'      │ '0x0b2C639c533813f4Aa9D7837CAf62653d097Ff85' │ 0            │
│ 3       │ '0x8a2B28364102Bea189D99A475C494330Ef2bDD0B' │ 'ARBITRUM_ONE'    │ '0xaf88d065e77c8cC2239327C5EDb3A432268e5831' │ 0            │
│ 4       │ '0x8a2B28364102Bea189D99A475C494330Ef2bDD0B' │ 'BASE'            │ '0x833589fCD6eDb6E08f4c7C32D4f71b54bdA02913' │ 0            │
│ 5       │ '0x8a2B28364102Bea189D99A475C494330Ef2bDD0B' │ 'POLYGON_MAINNET' │ '0x3c499c542cEF5E3811e1192ce70d8cC03d5c3359' │ 0            │
│ 6       │ '0x8a2B28364102Bea189D99A475C494330Ef2bDD0B' │ 'UNICHAIN'        │ '0x078D782b760474a361dDA0AF3839290b0EF57AD6' │ 0            │
│ 7       │ '0x8a2B28364102Bea189D99A475C494330Ef2bDD0B' │ 'BSC'             │ '0x8AC76a51cc950d9822D68b83fE1Ad97B32Cd580d' │ -12          │
│ 8       │ '0x8a2B28364102Bea189D99A475C494330Ef2bDD0B' │ 'LINEA'           │ '0x176211869cA2b568f2A7D4EE941E073a821EE1ff' │ 0            │
│ 9       │ '0x8a2B28364102Bea189D99A475C494330Ef2bDD0B' │ 'GNOSIS_CHAIN'    │ '0x2a22f9c3b484c3629090FeED35F17Ff8F88f76F0' │ 0            │
│ 10      │ '0x8a2B28364102Bea189D99A475C494330Ef2bDD0B' │ 'WORLD_CHAIN'     │ '0x79A02482A880bCE3F13e09Da970dC34db4CD24d1' │ 0            │
│ 11      │ '0x8a2B28364102Bea189D99A475C494330Ef2bDD0B' │ 'HYPER_EVM'       │ '0xb88339CB7199b77E23DB6E890353E22632Ba630f' │ 0            │
│ 12      │ '0x8a2B28364102Bea189D99A475C494330Ef2bDD0B' │ 'INK'             │ '0x2D270e6886d130D724215A266106e6832161EAEd' │ 0            │
│ 13      │ '0x8a2B28364102Bea189D99A475C494330Ef2bDD0B' │ 'TEMPO'           │ '0x20C000000000000000000000b9537d11c60E8b50' │ 0            │
│ 14      │ '0x779Ded0c9e1022225f8E0630b35a9b54bE713736' │ 'ETHEREUM'        │ '0xdAC17F958D2ee523a2206206994597C13D831ec7' │ 0            │
│ 15      │ '0x779Ded0c9e1022225f8E0630b35a9b54bE713736' │ 'OP_MAINNET'      │ '0x94b008aA00579c1307B0EF2c499aD98a8ce58e58' │ 0            │
│ 16      │ '0x779Ded0c9e1022225f8E0630b35a9b54bE713736' │ 'ARBITRUM_ONE'    │ '0xFd086bC7CD5C481DCC9C85ebE478A1C0b69FCbb9' │ 0            │
│ 17      │ '0x779Ded0c9e1022225f8E0630b35a9b54bE713736' │ 'BASE'            │ '0xfde4C96c8593536E31F229EA8f37b2ADa2699bb2' │ 0            │
│ 18      │ '0x779Ded0c9e1022225f8E0630b35a9b54bE713736' │ 'POLYGON_MAINNET' │ '0xc2132D05D31c914a87C6611C10748AEb04B58e8F' │ 0            │
│ 19      │ '0x779Ded0c9e1022225f8E0630b35a9b54bE713736' │ 'UNICHAIN'        │ '0x9151434b16b9763660705744891fA906F660EcC5' │ 0            │
│ 20      │ '0x779Ded0c9e1022225f8E0630b35a9b54bE713736' │ 'BSC'             │ '0x55d398326f99059fF775485246999027B3197955' │ -12          │
│ 21      │ '0x779Ded0c9e1022225f8E0630b35a9b54bE713736' │ 'LINEA'           │ '0xA219439258ca9da29E9Cc4cE5596924745e12B93' │ 0            │
│ 22      │ '0x779Ded0c9e1022225f8E0630b35a9b54bE713736' │ 'GNOSIS_CHAIN'    │ '0x4ECaBa5870353805a9F068101A40E0f32ed605C6' │ 0            │
│ 23      │ '0x779Ded0c9e1022225f8E0630b35a9b54bE713736' │ 'HYPER_EVM'       │ '0xB8CE59FC3717ada4C02eaDF9682A9e934F625ebb' │ 0            │
│ 24      │ '0x779Ded0c9e1022225f8E0630b35a9b54bE713736' │ 'INK'             │ '0x0200C29006150606B650577BBE7B6248F58470c1' │ 0            │
│ 25      │ '0x779Ded0c9e1022225f8E0630b35a9b54bE713736' │ 'TEMPO'           │ '0x20C00000000000000000000014f22CA97301EB73' │ 0            │
└─────────┴──────────────────────────────────────────────┴───────────────────┴──────────────────────────────────────────────┴──────────────┘
