Deployment ID: MVP
Deploying contracts set
Using config for: stage, STABLE
Deployer        : 0xdBD91aD22bE5304e385b7b0A2Cfe91164e416e11
DEPLOYER_ADDRESS: 0xdBD91aD22bE5304e385b7b0A2Cfe91164e416e11
Using main asset: USDT
Deploying LiquidityPoolUSDT
LiquidityPoolUSDTProxy: 0x756c4097F7f82A63ecd20f26EbF1edAd979A2178
LiquidityPoolUSDTProxyAdmin: 0x4B2995be463E2498798E9DfdD1DA66489AC3EdF1
Multicall: 0xd0A630c391daEb244369DB0f75CBDF7dFeEaEaC3
Admin: 0xA8eeA59b4A17CE2689E57B4dE9e825FD25705414
LiquidityPool Withdraw Profit: 0xA8eeA59b4A17CE2689E57B4dE9e825FD25705414
LiquidityPool Pauser: 0xA8eeA59b4A17CE2689E57B4dE9e825FD25705414
MPC Address: 0x6adAF8c96151962198a9b73132c16E99F4682Eb5
USDT: 0x779Ded0c9e1022225f8E0630b35a9b54bE713736
Signer Address: 0xA8eeA59b4A17CE2689E57B4dE9e825FD25705414
RebalancerUSDT: 0xB6AE827F83831C78c428Abdd4c53aE6259c1383f
RebalancerUSDTProxyAdmin: 0xB4f9FE4906c58c7c917b4315288D02E347689231
RebalancerRoutes:
┌─────────┬──────────────────────────────────────────────┬────────────────┬──────────┐
│ (index) │ Pool                                         │ Domain         │ Provider │
├─────────┼──────────────────────────────────────────────┼────────────────┼──────────┤
│ 0       │ '0x29Ded76318fb2d01644fc816D09D48dE8cb4739e' │ 'ARBITRUM_ONE' │ 'USDT0'  │
│ 1       │ '0x756c4097F7f82A63ecd20f26EbF1edAd979A2178' │ 'TEMPO'        │ 'USDT0'  │
│ 2       │ '0x756c4097F7f82A63ecd20f26EbF1edAd979A2178' │ 'STABLE'       │ 'LOCAL'  │
└─────────┴──────────────────────────────────────────────┴────────────────┴──────────┘
Repayer: 0x697ECA1cae710FA0348e2173900e6C09b180C35b
RepayerProxyAdmin: 0x97e48e13AbAA3e4854166D2c564868215d3d1F0f
RepayerRoutes:
┌─────────┬──────────────────────────────────────────────┬───────────────────┬──────────┬──────────────────────────────────────────────┐
│ (index) │ Pool                                         │ Domain            │ Provider │ OnlySupportedToken                           │
├─────────┼──────────────────────────────────────────────┼───────────────────┼──────────┼──────────────────────────────────────────────┤
│ 0       │ '0xd73abd244837256B0F0ADCF5417950984B9964F8' │ 'ETHEREUM'        │ 'USDT0'  │ '0x0000000000000000000000000000000000000000' │
│ 1       │ '0x4e13849d29a9a7A200196DC16722ddeb67b6e769' │ 'POLYGON_MAINNET' │ 'USDT0'  │ '0x0000000000000000000000000000000000000000' │
│ 2       │ '0x29Ded76318fb2d01644fc816D09D48dE8cb4739e' │ 'ARBITRUM_ONE'    │ 'USDT0'  │ '0x0000000000000000000000000000000000000000' │
│ 3       │ '0x756c4097F7f82A63ecd20f26EbF1edAd979A2178' │ 'TEMPO'           │ 'USDT0'  │ '0x779Ded0c9e1022225f8E0630b35a9b54bE713736' │
│ 4       │ '0x756c4097F7f82A63ecd20f26EbF1edAd979A2178' │ 'STABLE'          │ 'LOCAL'  │ '0x779Ded0c9e1022225f8E0630b35a9b54bE713736' │
└─────────┴──────────────────────────────────────────────┴───────────────────┴──────────┴──────────────────────────────────────────────┘
InputOutputTokens:
┌─────────┬──────────────────────────────────────────────┬───────────────────┬──────────────────────────────────────────────┬──────────────┐
│ (index) │ InputToken                                   │ Domain            │ OutputToken                                  │ DecimalsDiff │
├─────────┼──────────────────────────────────────────────┼───────────────────┼──────────────────────────────────────────────┼──────────────┤
│ 0       │ '0x8a2B28364102Bea189D99A475C494330Ef2bDD0B' │ 'ETHEREUM'        │ '0xA0b86991c6218b36c1d19D4a2e9Eb0cE3606eB48' │ 0            │
│ 1       │ '0x8a2B28364102Bea189D99A475C494330Ef2bDD0B' │ 'OP_MAINNET'      │ '0x0b2C639c533813f4Aa9D7837CAf62653d097Ff85' │ 0            │
│ 2       │ '0x8a2B28364102Bea189D99A475C494330Ef2bDD0B' │ 'ARBITRUM_ONE'    │ '0xaf88d065e77c8cC2239327C5EDb3A432268e5831' │ 0            │
│ 3       │ '0x8a2B28364102Bea189D99A475C494330Ef2bDD0B' │ 'BASE'            │ '0x833589fCD6eDb6E08f4c7C32D4f71b54bdA02913' │ 0            │
│ 4       │ '0x8a2B28364102Bea189D99A475C494330Ef2bDD0B' │ 'POLYGON_MAINNET' │ '0x3c499c542cEF5E3811e1192ce70d8cC03d5c3359' │ 0            │
│ 5       │ '0x8a2B28364102Bea189D99A475C494330Ef2bDD0B' │ 'UNICHAIN'        │ '0x078D782b760474a361dDA0AF3839290b0EF57AD6' │ 0            │
│ 6       │ '0x8a2B28364102Bea189D99A475C494330Ef2bDD0B' │ 'BSC'             │ '0x8AC76a51cc950d9822D68b83fE1Ad97B32Cd580d' │ -12          │
│ 7       │ '0x8a2B28364102Bea189D99A475C494330Ef2bDD0B' │ 'GNOSIS_CHAIN'    │ '0x2a22f9c3b484c3629090FeED35F17Ff8F88f76F0' │ 0            │
│ 8       │ '0x8a2B28364102Bea189D99A475C494330Ef2bDD0B' │ 'TEMPO'           │ '0x20C000000000000000000000b9537d11c60E8b50' │ 0            │
│ 9       │ '0x779Ded0c9e1022225f8E0630b35a9b54bE713736' │ 'ETHEREUM'        │ '0xdAC17F958D2ee523a2206206994597C13D831ec7' │ 0            │
│ 10      │ '0x779Ded0c9e1022225f8E0630b35a9b54bE713736' │ 'OP_MAINNET'      │ '0x94b008aA00579c1307B0EF2c499aD98a8ce58e58' │ 0            │
│ 11      │ '0x779Ded0c9e1022225f8E0630b35a9b54bE713736' │ 'ARBITRUM_ONE'    │ '0xFd086bC7CD5C481DCC9C85ebE478A1C0b69FCbb9' │ 0            │
│ 12      │ '0x779Ded0c9e1022225f8E0630b35a9b54bE713736' │ 'BASE'            │ '0xfde4C96c8593536E31F229EA8f37b2ADa2699bb2' │ 0            │
│ 13      │ '0x779Ded0c9e1022225f8E0630b35a9b54bE713736' │ 'POLYGON_MAINNET' │ '0xc2132D05D31c914a87C6611C10748AEb04B58e8F' │ 0            │
│ 14      │ '0x779Ded0c9e1022225f8E0630b35a9b54bE713736' │ 'UNICHAIN'        │ '0x9151434b16b9763660705744891fA906F660EcC5' │ 0            │
│ 15      │ '0x779Ded0c9e1022225f8E0630b35a9b54bE713736' │ 'BSC'             │ '0x55d398326f99059fF775485246999027B3197955' │ -12          │
│ 16      │ '0x779Ded0c9e1022225f8E0630b35a9b54bE713736' │ 'GNOSIS_CHAIN'    │ '0x4ECaBa5870353805a9F068101A40E0f32ed605C6' │ 0            │
│ 17      │ '0x779Ded0c9e1022225f8E0630b35a9b54bE713736' │ 'TEMPO'           │ '0x20C00000000000000000000014f22CA97301EB73' │ 0            │
└─────────┴──────────────────────────────────────────────┴───────────────────┴──────────────────────────────────────────────┴──────────────┘
